Archive member included because of file (symbol)

.\CortexM3\ARM_GCC_493\Debug\I2C_LCD_Example01.a(cyfitter_cfg.o)
                              .\CortexM3\ARM_GCC_493\Debug\Cm3Start.o (cyfitter_cfg)
.\CortexM3\ARM_GCC_493\Debug\I2C_LCD_Example01.a(I2C_LCD.o)
                              .\CortexM3\ARM_GCC_493\Debug\main.o (I2C_LCD_Position)
.\CortexM3\ARM_GCC_493\Debug\I2C_LCD_Example01.a(LCD_RST.o)
                              .\CortexM3\ARM_GCC_493\Debug\main.o (LCD_RST_Write)
.\CortexM3\ARM_GCC_493\Debug\I2C_LCD_Example01.a(I2C_M.o)
                              .\CortexM3\ARM_GCC_493\Debug\main.o (I2C_M_Start)
.\CortexM3\ARM_GCC_493\Debug\I2C_LCD_Example01.a(I2C_M_INT.o)
                              .\CortexM3\ARM_GCC_493\Debug\I2C_LCD_Example01.a(I2C_M.o) (I2C_M_ISR)
.\CortexM3\ARM_GCC_493\Debug\I2C_LCD_Example01.a(I2C_M_MASTER.o)
                              .\CortexM3\ARM_GCC_493\Debug\I2C_LCD_Example01.a(I2C_LCD.o) (I2C_M_MasterWriteBuf)
.\CortexM3\ARM_GCC_493\Debug\I2C_LCD_Example01.a(Button_Isr.o)
                              .\CortexM3\ARM_GCC_493\Debug\main.o (Button_Isr_StartEx)
.\CortexM3\ARM_GCC_493\Debug\I2C_LCD_Example01.a(Button.o)
                              .\CortexM3\ARM_GCC_493\Debug\main.o (Button_ClearInterrupt)
.\CortexM3\ARM_GCC_493\Debug\I2C_LCD_Example01.a(CyBootAsmGnu.o)
                              .\CortexM3\ARM_GCC_493\Debug\I2C_LCD_Example01.a(cyfitter_cfg.o) (CyDelayCycles)
.\CortexM3\ARM_GCC_493\Debug\I2C_LCD_Example01.a(CyLib.o)
                              .\CortexM3\ARM_GCC_493\Debug\Cm3Start.o (CyHalt)
.\CortexM3\ARM_GCC_493\Debug\I2C_LCD_Example01.a(cyPm.o)
                              .\CortexM3\ARM_GCC_493\Debug\I2C_LCD_Example01.a(CyLib.o) (CyPmReadStatus)
.\CortexM3\ARM_GCC_493\Debug\I2C_LCD_Example01.a(CyFlash.o)
                              .\CortexM3\ARM_GCC_493\Debug\I2C_LCD_Example01.a(cyPm.o) (CyFlash_SetWaitCycles)
.\CortexM3\ARM_GCC_493\Debug\I2C_LCD_Example01.a(CySpc.o)
                              .\CortexM3\ARM_GCC_493\Debug\I2C_LCD_Example01.a(CyFlash.o) (CySpcStart)
c:/program files (x86)/cypress/psoc creator/3.3/psoc creator/import/gnu/arm/4.9.3/bin/../lib/gcc/arm-none-eabi/4.9.3/../../../../arm-none-eabi/lib/armv7-m\libg_nano.a(lib_a-errno.o)
                              .\CortexM3\ARM_GCC_493\Debug\Cm3Start.o (__errno)
c:/program files (x86)/cypress/psoc creator/3.3/psoc creator/import/gnu/arm/4.9.3/bin/../lib/gcc/arm-none-eabi/4.9.3/../../../../arm-none-eabi/lib/armv7-m\libg_nano.a(lib_a-exit.o)
                              c:/program files (x86)/cypress/psoc creator/3.3/psoc creator/import/gnu/arm/4.9.3/bin/../lib/gcc/arm-none-eabi/4.9.3/../../../../arm-none-eabi/lib/armv7-m/crt0.o (exit)
c:/program files (x86)/cypress/psoc creator/3.3/psoc creator/import/gnu/arm/4.9.3/bin/../lib/gcc/arm-none-eabi/4.9.3/../../../../arm-none-eabi/lib/armv7-m\libg_nano.a(lib_a-impure.o)
                              c:/program files (x86)/cypress/psoc creator/3.3/psoc creator/import/gnu/arm/4.9.3/bin/../lib/gcc/arm-none-eabi/4.9.3/../../../../arm-none-eabi/lib/armv7-m\libg_nano.a(lib_a-exit.o) (_global_impure_ptr)
c:/program files (x86)/cypress/psoc creator/3.3/psoc creator/import/gnu/arm/4.9.3/bin/../lib/gcc/arm-none-eabi/4.9.3/../../../../arm-none-eabi/lib/armv7-m\libg_nano.a(lib_a-init.o)
                              c:/program files (x86)/cypress/psoc creator/3.3/psoc creator/import/gnu/arm/4.9.3/bin/../lib/gcc/arm-none-eabi/4.9.3/../../../../arm-none-eabi/lib/armv7-m/crt0.o (__libc_init_array)
c:/program files (x86)/cypress/psoc creator/3.3/psoc creator/import/gnu/arm/4.9.3/bin/../lib/gcc/arm-none-eabi/4.9.3/../../../../arm-none-eabi/lib/armv7-m\libg_nano.a(lib_a-memcpy.o)
                              .\CortexM3\ARM_GCC_493\Debug\I2C_LCD_Example01.a(cyfitter_cfg.o) (memcpy)
c:/program files (x86)/cypress/psoc creator/3.3/psoc creator/import/gnu/arm/4.9.3/bin/../lib/gcc/arm-none-eabi/4.9.3/../../../../arm-none-eabi/lib/armv7-m\libg_nano.a(lib_a-memset.o)
                              c:/program files (x86)/cypress/psoc creator/3.3/psoc creator/import/gnu/arm/4.9.3/bin/../lib/gcc/arm-none-eabi/4.9.3/../../../../arm-none-eabi/lib/armv7-m/crt0.o (memset)

Allocating common symbols
Common symbol       size              file

I2C_M_mstrRdBufPtr  0x4               .\CortexM3\ARM_GCC_493\Debug\I2C_LCD_Example01.a(I2C_M_MASTER.o)
I2C_M_mstrWrBufSize
                    0x1               .\CortexM3\ARM_GCC_493\Debug\I2C_LCD_Example01.a(I2C_M_MASTER.o)
I2C_M_mstrStatus    0x1               .\CortexM3\ARM_GCC_493\Debug\I2C_LCD_Example01.a(I2C_M_MASTER.o)
I2C_M_mstrRdBufSize
                    0x1               .\CortexM3\ARM_GCC_493\Debug\I2C_LCD_Example01.a(I2C_M_MASTER.o)
I2C_M_mstrWrBufIndex
                    0x1               .\CortexM3\ARM_GCC_493\Debug\I2C_LCD_Example01.a(I2C_M_MASTER.o)
I2C_M_mstrWrBufPtr  0x4               .\CortexM3\ARM_GCC_493\Debug\I2C_LCD_Example01.a(I2C_M_MASTER.o)
I2C_M_state         0x1               .\CortexM3\ARM_GCC_493\Debug\I2C_LCD_Example01.a(I2C_M.o)
I2C_M_mstrControl   0x1               .\CortexM3\ARM_GCC_493\Debug\I2C_LCD_Example01.a(I2C_M_MASTER.o)
dieTemperature      0x2               .\CortexM3\ARM_GCC_493\Debug\I2C_LCD_Example01.a(CyFlash.o)
I2C_M_mstrRdBufIndex
                    0x1               .\CortexM3\ARM_GCC_493\Debug\I2C_LCD_Example01.a(I2C_M_MASTER.o)

Discarded input sections

 .text          0x00000000        0x0 c:/program files (x86)/cypress/psoc creator/3.3/psoc creator/import/gnu/arm/4.9.3/bin/../lib/gcc/arm-none-eabi/4.9.3/armv7-m/crti.o
 .data          0x00000000        0x0 c:/program files (x86)/cypress/psoc creator/3.3/psoc creator/import/gnu/arm/4.9.3/bin/../lib/gcc/arm-none-eabi/4.9.3/armv7-m/crti.o
 .bss           0x00000000        0x0 c:/program files (x86)/cypress/psoc creator/3.3/psoc creator/import/gnu/arm/4.9.3/bin/../lib/gcc/arm-none-eabi/4.9.3/armv7-m/crti.o
 .data          0x00000000        0x4 c:/program files (x86)/cypress/psoc creator/3.3/psoc creator/import/gnu/arm/4.9.3/bin/../lib/gcc/arm-none-eabi/4.9.3/armv7-m/crtbegin.o
 .text          0x00000000       0x74 c:/program files (x86)/cypress/psoc creator/3.3/psoc creator/import/gnu/arm/4.9.3/bin/../lib/gcc/arm-none-eabi/4.9.3/../../../../arm-none-eabi/lib/armv7-m/crt0.o
 .data          0x00000000        0x0 c:/program files (x86)/cypress/psoc creator/3.3/psoc creator/import/gnu/arm/4.9.3/bin/../lib/gcc/arm-none-eabi/4.9.3/../../../../arm-none-eabi/lib/armv7-m/crt0.o
 .bss           0x00000000        0x0 c:/program files (x86)/cypress/psoc creator/3.3/psoc creator/import/gnu/arm/4.9.3/bin/../lib/gcc/arm-none-eabi/4.9.3/../../../../arm-none-eabi/lib/armv7-m/crt0.o
 .ARM.extab     0x00000000        0x0 c:/program files (x86)/cypress/psoc creator/3.3/psoc creator/import/gnu/arm/4.9.3/bin/../lib/gcc/arm-none-eabi/4.9.3/../../../../arm-none-eabi/lib/armv7-m/crt0.o
 .ARM.exidx     0x00000000        0x8 c:/program files (x86)/cypress/psoc creator/3.3/psoc creator/import/gnu/arm/4.9.3/bin/../lib/gcc/arm-none-eabi/4.9.3/../../../../arm-none-eabi/lib/armv7-m/crt0.o
 .text          0x00000000        0x0 .\CortexM3\ARM_GCC_493\Debug\main.o
 .text          0x00000000        0x0 .\CortexM3\ARM_GCC_493\Debug\cymetadata.o
 .data          0x00000000        0x0 .\CortexM3\ARM_GCC_493\Debug\cymetadata.o
 .bss           0x00000000        0x0 .\CortexM3\ARM_GCC_493\Debug\cymetadata.o
 .text          0x00000000        0x0 .\CortexM3\ARM_GCC_493\Debug\Cm3Start.o
 .data          0x00000000        0x4 .\CortexM3\ARM_GCC_493\Debug\Cm3Start.o
 .bss           0x00000000        0x0 .\CortexM3\ARM_GCC_493\Debug\Cm3Start.o
 .text._exit    0x00000000        0xc .\CortexM3\ARM_GCC_493\Debug\Cm3Start.o
 .text._sbrk    0x00000000       0x30 .\CortexM3\ARM_GCC_493\Debug\Cm3Start.o
 .text          0x00000000        0x0 .\CortexM3\ARM_GCC_493\Debug\I2C_LCD_Example01.a(cyfitter_cfg.o)
 .data          0x00000000        0x0 .\CortexM3\ARM_GCC_493\Debug\I2C_LCD_Example01.a(cyfitter_cfg.o)
 .bss           0x00000000        0x0 .\CortexM3\ARM_GCC_493\Debug\I2C_LCD_Example01.a(cyfitter_cfg.o)
 .text.SetAnalogRoutingPumps
                0x00000000       0x10 .\CortexM3\ARM_GCC_493\Debug\I2C_LCD_Example01.a(cyfitter_cfg.o)
 .text          0x00000000        0x0 .\CortexM3\ARM_GCC_493\Debug\I2C_LCD_Example01.a(I2C_LCD.o)
 .text.I2C_LCD_Stop
                0x00000000        0xc .\CortexM3\ARM_GCC_493\Debug\I2C_LCD_Example01.a(I2C_LCD.o)
 .text.I2C_LCD_HandleCustomCommand
                0x00000000       0x44 .\CortexM3\ARM_GCC_493\Debug\I2C_LCD_Example01.a(I2C_LCD.o)
 .text.I2C_LCD_HandleOneByteCommand
                0x00000000       0x18 .\CortexM3\ARM_GCC_493\Debug\I2C_LCD_Example01.a(I2C_LCD.o)
 .text.I2C_LCD_PutChar
                0x00000000       0x18 .\CortexM3\ARM_GCC_493\Debug\I2C_LCD_Example01.a(I2C_LCD.o)
 .text.I2C_LCD_PrintInt8
                0x00000000       0x38 .\CortexM3\ARM_GCC_493\Debug\I2C_LCD_Example01.a(I2C_LCD.o)
 .text.I2C_LCD_PrintInt16
                0x00000000       0x14 .\CortexM3\ARM_GCC_493\Debug\I2C_LCD_Example01.a(I2C_LCD.o)
 .text.I2C_LCD_PrintNumber
                0x00000000       0x8c .\CortexM3\ARM_GCC_493\Debug\I2C_LCD_Example01.a(I2C_LCD.o)
 .text          0x00000000        0x0 .\CortexM3\ARM_GCC_493\Debug\I2C_LCD_Example01.a(LCD_RST.o)
 .data          0x00000000        0x0 .\CortexM3\ARM_GCC_493\Debug\I2C_LCD_Example01.a(LCD_RST.o)
 .bss           0x00000000        0x0 .\CortexM3\ARM_GCC_493\Debug\I2C_LCD_Example01.a(LCD_RST.o)
 .text.LCD_RST_SetDriveMode
                0x00000000       0x18 .\CortexM3\ARM_GCC_493\Debug\I2C_LCD_Example01.a(LCD_RST.o)
 .text.LCD_RST_Read
                0x00000000       0x10 .\CortexM3\ARM_GCC_493\Debug\I2C_LCD_Example01.a(LCD_RST.o)
 .text.LCD_RST_ReadDataReg
                0x00000000       0x10 .\CortexM3\ARM_GCC_493\Debug\I2C_LCD_Example01.a(LCD_RST.o)
 .text          0x00000000        0x0 .\CortexM3\ARM_GCC_493\Debug\I2C_LCD_Example01.a(I2C_M.o)
 .data          0x00000000        0x0 .\CortexM3\ARM_GCC_493\Debug\I2C_LCD_Example01.a(I2C_M.o)
 .text.I2C_M_Stop
                0x00000000       0x40 .\CortexM3\ARM_GCC_493\Debug\I2C_LCD_Example01.a(I2C_M.o)
 .text          0x00000000        0x0 .\CortexM3\ARM_GCC_493\Debug\I2C_LCD_Example01.a(I2C_M_INT.o)
 .data          0x00000000        0x0 .\CortexM3\ARM_GCC_493\Debug\I2C_LCD_Example01.a(I2C_M_INT.o)
 .bss           0x00000000        0x0 .\CortexM3\ARM_GCC_493\Debug\I2C_LCD_Example01.a(I2C_M_INT.o)
 .text          0x00000000        0x0 .\CortexM3\ARM_GCC_493\Debug\I2C_LCD_Example01.a(I2C_M_MASTER.o)
 .data          0x00000000        0x0 .\CortexM3\ARM_GCC_493\Debug\I2C_LCD_Example01.a(I2C_M_MASTER.o)
 .bss           0x00000000        0x0 .\CortexM3\ARM_GCC_493\Debug\I2C_LCD_Example01.a(I2C_M_MASTER.o)
 .text.I2C_M_MasterReadBuf
                0x00000000       0xe0 .\CortexM3\ARM_GCC_493\Debug\I2C_LCD_Example01.a(I2C_M_MASTER.o)
 .text.I2C_M_MasterSendStart
                0x00000000       0x90 .\CortexM3\ARM_GCC_493\Debug\I2C_LCD_Example01.a(I2C_M_MASTER.o)
 .text.I2C_M_MasterSendRestart
                0x00000000       0x7c .\CortexM3\ARM_GCC_493\Debug\I2C_LCD_Example01.a(I2C_M_MASTER.o)
 .text.I2C_M_MasterSendStop
                0x00000000       0x50 .\CortexM3\ARM_GCC_493\Debug\I2C_LCD_Example01.a(I2C_M_MASTER.o)
 .text.I2C_M_MasterWriteByte
                0x00000000       0x6c .\CortexM3\ARM_GCC_493\Debug\I2C_LCD_Example01.a(I2C_M_MASTER.o)
 .text.I2C_M_MasterReadByte
                0x00000000       0x88 .\CortexM3\ARM_GCC_493\Debug\I2C_LCD_Example01.a(I2C_M_MASTER.o)
 .text.I2C_M_MasterClearStatus
                0x00000000       0x20 .\CortexM3\ARM_GCC_493\Debug\I2C_LCD_Example01.a(I2C_M_MASTER.o)
 .text.I2C_M_MasterGetReadBufSize
                0x00000000        0xc .\CortexM3\ARM_GCC_493\Debug\I2C_LCD_Example01.a(I2C_M_MASTER.o)
 .text.I2C_M_MasterGetWriteBufSize
                0x00000000        0xc .\CortexM3\ARM_GCC_493\Debug\I2C_LCD_Example01.a(I2C_M_MASTER.o)
 .text.I2C_M_MasterClearReadBuf
                0x00000000       0x2c .\CortexM3\ARM_GCC_493\Debug\I2C_LCD_Example01.a(I2C_M_MASTER.o)
 .text.I2C_M_MasterClearWriteBuf
                0x00000000       0x2c .\CortexM3\ARM_GCC_493\Debug\I2C_LCD_Example01.a(I2C_M_MASTER.o)
 .text          0x00000000        0x0 .\CortexM3\ARM_GCC_493\Debug\I2C_LCD_Example01.a(Button_Isr.o)
 .data          0x00000000        0x0 .\CortexM3\ARM_GCC_493\Debug\I2C_LCD_Example01.a(Button_Isr.o)
 .bss           0x00000000        0x0 .\CortexM3\ARM_GCC_493\Debug\I2C_LCD_Example01.a(Button_Isr.o)
 .text.Button_Isr_Interrupt
                0x00000000        0x4 .\CortexM3\ARM_GCC_493\Debug\I2C_LCD_Example01.a(Button_Isr.o)
 .text.Button_Isr_GetVector
                0x00000000        0xc .\CortexM3\ARM_GCC_493\Debug\I2C_LCD_Example01.a(Button_Isr.o)
 .text.Button_Isr_GetPriority
                0x00000000        0xc .\CortexM3\ARM_GCC_493\Debug\I2C_LCD_Example01.a(Button_Isr.o)
 .text.Button_Isr_GetState
                0x00000000       0x18 .\CortexM3\ARM_GCC_493\Debug\I2C_LCD_Example01.a(Button_Isr.o)
 .text.Button_Isr_Start
                0x00000000       0x1c .\CortexM3\ARM_GCC_493\Debug\I2C_LCD_Example01.a(Button_Isr.o)
 .text.Button_Isr_Stop
                0x00000000       0x14 .\CortexM3\ARM_GCC_493\Debug\I2C_LCD_Example01.a(Button_Isr.o)
 .text.Button_Isr_SetPending
                0x00000000        0xc .\CortexM3\ARM_GCC_493\Debug\I2C_LCD_Example01.a(Button_Isr.o)
 .text.Button_Isr_ClearPending
                0x00000000        0xc .\CortexM3\ARM_GCC_493\Debug\I2C_LCD_Example01.a(Button_Isr.o)
 .text          0x00000000        0x0 .\CortexM3\ARM_GCC_493\Debug\I2C_LCD_Example01.a(Button.o)
 .data          0x00000000        0x0 .\CortexM3\ARM_GCC_493\Debug\I2C_LCD_Example01.a(Button.o)
 .bss           0x00000000        0x0 .\CortexM3\ARM_GCC_493\Debug\I2C_LCD_Example01.a(Button.o)
 .text.Button_Write
                0x00000000       0x18 .\CortexM3\ARM_GCC_493\Debug\I2C_LCD_Example01.a(Button.o)
 .text.Button_SetDriveMode
                0x00000000       0x18 .\CortexM3\ARM_GCC_493\Debug\I2C_LCD_Example01.a(Button.o)
 .text.Button_Read
                0x00000000        0xc .\CortexM3\ARM_GCC_493\Debug\I2C_LCD_Example01.a(Button.o)
 .text.Button_ReadDataReg
                0x00000000        0xc .\CortexM3\ARM_GCC_493\Debug\I2C_LCD_Example01.a(Button.o)
 .text.Button_SetInterruptMode
                0x00000000       0x14 .\CortexM3\ARM_GCC_493\Debug\I2C_LCD_Example01.a(Button.o)
 .data          0x00000000        0x0 .\CortexM3\ARM_GCC_493\Debug\I2C_LCD_Example01.a(CyBootAsmGnu.o)
 .bss           0x00000000        0x0 .\CortexM3\ARM_GCC_493\Debug\I2C_LCD_Example01.a(CyBootAsmGnu.o)
 .text          0x00000000        0x0 .\CortexM3\ARM_GCC_493\Debug\I2C_LCD_Example01.a(CyLib.o)
 .bss           0x00000000       0x1c .\CortexM3\ARM_GCC_493\Debug\I2C_LCD_Example01.a(CyLib.o)
 .text.CyUSB_PowerOnCheck
                0x00000000       0x48 .\CortexM3\ARM_GCC_493\Debug\I2C_LCD_Example01.a(CyLib.o)
 .text.CyBusClk_Internal_SetDivider
                0x00000000       0x48 .\CortexM3\ARM_GCC_493\Debug\I2C_LCD_Example01.a(CyLib.o)
 .text.CyPLL_OUT_Stop
                0x00000000       0x10 .\CortexM3\ARM_GCC_493\Debug\I2C_LCD_Example01.a(CyLib.o)
 .text.CyIMO_Stop
                0x00000000       0x1c .\CortexM3\ARM_GCC_493\Debug\I2C_LCD_Example01.a(CyLib.o)
 .text.CyIMO_EnableDoubler
                0x00000000       0x10 .\CortexM3\ARM_GCC_493\Debug\I2C_LCD_Example01.a(CyLib.o)
 .text.CyIMO_DisableDoubler
                0x00000000       0x10 .\CortexM3\ARM_GCC_493\Debug\I2C_LCD_Example01.a(CyLib.o)
 .text.CyMasterClk_SetSource
                0x00000000       0x18 .\CortexM3\ARM_GCC_493\Debug\I2C_LCD_Example01.a(CyLib.o)
 .text.CyMasterClk_SetDivider
                0x00000000        0xc .\CortexM3\ARM_GCC_493\Debug\I2C_LCD_Example01.a(CyLib.o)
 .text.CyBusClk_SetDivider
                0x00000000       0x70 .\CortexM3\ARM_GCC_493\Debug\I2C_LCD_Example01.a(CyLib.o)
 .text.CyUsbClk_SetSource
                0x00000000       0x18 .\CortexM3\ARM_GCC_493\Debug\I2C_LCD_Example01.a(CyLib.o)
 .text.CyILO_Start1K
                0x00000000       0x10 .\CortexM3\ARM_GCC_493\Debug\I2C_LCD_Example01.a(CyLib.o)
 .text.CyILO_Stop1K
                0x00000000       0x10 .\CortexM3\ARM_GCC_493\Debug\I2C_LCD_Example01.a(CyLib.o)
 .text.CyILO_Start100K
                0x00000000       0x10 .\CortexM3\ARM_GCC_493\Debug\I2C_LCD_Example01.a(CyLib.o)
 .text.CyILO_Stop100K
                0x00000000       0x10 .\CortexM3\ARM_GCC_493\Debug\I2C_LCD_Example01.a(CyLib.o)
 .text.CyPLL_OUT_Start
                0x00000000       0x78 .\CortexM3\ARM_GCC_493\Debug\I2C_LCD_Example01.a(CyLib.o)
 .text.CyIMO_Start
                0x00000000       0x60 .\CortexM3\ARM_GCC_493\Debug\I2C_LCD_Example01.a(CyLib.o)
 .text.CyILO_Enable33K
                0x00000000       0x10 .\CortexM3\ARM_GCC_493\Debug\I2C_LCD_Example01.a(CyLib.o)
 .text.CyILO_Disable33K
                0x00000000       0x10 .\CortexM3\ARM_GCC_493\Debug\I2C_LCD_Example01.a(CyLib.o)
 .text.CyILO_SetSource
                0x00000000       0x18 .\CortexM3\ARM_GCC_493\Debug\I2C_LCD_Example01.a(CyLib.o)
 .text.CyILO_SetPowerMode
                0x00000000       0x24 .\CortexM3\ARM_GCC_493\Debug\I2C_LCD_Example01.a(CyLib.o)
 .text.CyXTAL_32KHZ_Stop
                0x00000000       0x30 .\CortexM3\ARM_GCC_493\Debug\I2C_LCD_Example01.a(CyLib.o)
 .text.CyXTAL_32KHZ_ReadStatus
                0x00000000       0x10 .\CortexM3\ARM_GCC_493\Debug\I2C_LCD_Example01.a(CyLib.o)
 .text.CyXTAL_Start
                0x00000000       0xac .\CortexM3\ARM_GCC_493\Debug\I2C_LCD_Example01.a(CyLib.o)
 .text.CyXTAL_Stop
                0x00000000       0x10 .\CortexM3\ARM_GCC_493\Debug\I2C_LCD_Example01.a(CyLib.o)
 .text.CyXTAL_EnableErrStatus
                0x00000000       0x10 .\CortexM3\ARM_GCC_493\Debug\I2C_LCD_Example01.a(CyLib.o)
 .text.CyXTAL_DisableErrStatus
                0x00000000       0x10 .\CortexM3\ARM_GCC_493\Debug\I2C_LCD_Example01.a(CyLib.o)
 .text.CyXTAL_ReadStatus
                0x00000000       0x18 .\CortexM3\ARM_GCC_493\Debug\I2C_LCD_Example01.a(CyLib.o)
 .text.CyXTAL_EnableFaultRecovery
                0x00000000       0x10 .\CortexM3\ARM_GCC_493\Debug\I2C_LCD_Example01.a(CyLib.o)
 .text.CyXTAL_DisableFaultRecovery
                0x00000000       0x10 .\CortexM3\ARM_GCC_493\Debug\I2C_LCD_Example01.a(CyLib.o)
 .text.CyXTAL_SetStartup
                0x00000000       0x18 .\CortexM3\ARM_GCC_493\Debug\I2C_LCD_Example01.a(CyLib.o)
 .text.CyXTAL_SetFbVoltage
                0x00000000       0x18 .\CortexM3\ARM_GCC_493\Debug\I2C_LCD_Example01.a(CyLib.o)
 .text.CyXTAL_SetWdVoltage
                0x00000000       0x18 .\CortexM3\ARM_GCC_493\Debug\I2C_LCD_Example01.a(CyLib.o)
 .text.CyPLL_OUT_SetPQ
                0x00000000       0x60 .\CortexM3\ARM_GCC_493\Debug\I2C_LCD_Example01.a(CyLib.o)
 .text.CyPLL_OUT_SetSource
                0x00000000       0x34 .\CortexM3\ARM_GCC_493\Debug\I2C_LCD_Example01.a(CyLib.o)
 .text.CyIMO_SetTrimValue
                0x00000000       0xcc .\CortexM3\ARM_GCC_493\Debug\I2C_LCD_Example01.a(CyLib.o)
 .text.CyIMO_SetFreq
                0x00000000       0xf4 .\CortexM3\ARM_GCC_493\Debug\I2C_LCD_Example01.a(CyLib.o)
 .text.CyIMO_SetSource
                0x00000000       0x58 .\CortexM3\ARM_GCC_493\Debug\I2C_LCD_Example01.a(CyLib.o)
 .text.CySoftwareReset
                0x00000000       0x10 .\CortexM3\ARM_GCC_493\Debug\I2C_LCD_Example01.a(CyLib.o)
 .text.CyXTAL_32KHZ_SetPowerMode
                0x00000000       0x84 .\CortexM3\ARM_GCC_493\Debug\I2C_LCD_Example01.a(CyLib.o)
 .text.CyXTAL_32KHZ_Start
                0x00000000       0x70 .\CortexM3\ARM_GCC_493\Debug\I2C_LCD_Example01.a(CyLib.o)
 .text.CyDelayFreq
                0x00000000       0x4c .\CortexM3\ARM_GCC_493\Debug\I2C_LCD_Example01.a(CyLib.o)
 .text.CyWdtStart
                0x00000000       0x40 .\CortexM3\ARM_GCC_493\Debug\I2C_LCD_Example01.a(CyLib.o)
 .text.CyWdtClear
                0x00000000        0xc .\CortexM3\ARM_GCC_493\Debug\I2C_LCD_Example01.a(CyLib.o)
 .text.CyVdStickyStatus
                0x00000000       0x2c .\CortexM3\ARM_GCC_493\Debug\I2C_LCD_Example01.a(CyLib.o)
 .text.CyVdLvDigitEnable
                0x00000000       0x84 .\CortexM3\ARM_GCC_493\Debug\I2C_LCD_Example01.a(CyLib.o)
 .text.CyVdLvAnalogEnable
                0x00000000       0x80 .\CortexM3\ARM_GCC_493\Debug\I2C_LCD_Example01.a(CyLib.o)
 .text.CyVdLvDigitDisable
                0x00000000       0x30 .\CortexM3\ARM_GCC_493\Debug\I2C_LCD_Example01.a(CyLib.o)
 .text.CyVdLvAnalogDisable
                0x00000000       0x28 .\CortexM3\ARM_GCC_493\Debug\I2C_LCD_Example01.a(CyLib.o)
 .text.CyVdHvAnalogEnable
                0x00000000       0x54 .\CortexM3\ARM_GCC_493\Debug\I2C_LCD_Example01.a(CyLib.o)
 .text.CyVdHvAnalogDisable
                0x00000000       0x20 .\CortexM3\ARM_GCC_493\Debug\I2C_LCD_Example01.a(CyLib.o)
 .text.CyVdRealTimeStatus
                0x00000000       0x1c .\CortexM3\ARM_GCC_493\Debug\I2C_LCD_Example01.a(CyLib.o)
 .text.CyDisableInts
                0x00000000       0x1c .\CortexM3\ARM_GCC_493\Debug\I2C_LCD_Example01.a(CyLib.o)
 .text.CyEnableInts
                0x00000000       0x18 .\CortexM3\ARM_GCC_493\Debug\I2C_LCD_Example01.a(CyLib.o)
 .text.CyFlushCache
                0x00000000       0x44 .\CortexM3\ARM_GCC_493\Debug\I2C_LCD_Example01.a(CyLib.o)
 .text.CyIntSetSysVector
                0x00000000       0x28 .\CortexM3\ARM_GCC_493\Debug\I2C_LCD_Example01.a(CyLib.o)
 .text.CyIntGetSysVector
                0x00000000       0x20 .\CortexM3\ARM_GCC_493\Debug\I2C_LCD_Example01.a(CyLib.o)
 .text.CyIntGetVector
                0x00000000       0x24 .\CortexM3\ARM_GCC_493\Debug\I2C_LCD_Example01.a(CyLib.o)
 .text.CyIntGetPriority
                0x00000000       0x20 .\CortexM3\ARM_GCC_493\Debug\I2C_LCD_Example01.a(CyLib.o)
 .text.CyIntGetState
                0x00000000       0x24 .\CortexM3\ARM_GCC_493\Debug\I2C_LCD_Example01.a(CyLib.o)
 .text.CySysTickStop
                0x00000000       0x10 .\CortexM3\ARM_GCC_493\Debug\I2C_LCD_Example01.a(CyLib.o)
 .text.CySysTickEnableInterrupt
                0x00000000       0x10 .\CortexM3\ARM_GCC_493\Debug\I2C_LCD_Example01.a(CyLib.o)
 .text.CySysTickEnable
                0x00000000       0x18 .\CortexM3\ARM_GCC_493\Debug\I2C_LCD_Example01.a(CyLib.o)
 .text.CySysTickDisableInterrupt
                0x00000000       0x10 .\CortexM3\ARM_GCC_493\Debug\I2C_LCD_Example01.a(CyLib.o)
 .text.CySysTickSetReload
                0x00000000       0x10 .\CortexM3\ARM_GCC_493\Debug\I2C_LCD_Example01.a(CyLib.o)
 .text.CySysTickGetReload
                0x00000000       0x10 .\CortexM3\ARM_GCC_493\Debug\I2C_LCD_Example01.a(CyLib.o)
 .text.CySysTickGetValue
                0x00000000       0x10 .\CortexM3\ARM_GCC_493\Debug\I2C_LCD_Example01.a(CyLib.o)
 .text.CySysTickSetClockSource
                0x00000000       0x20 .\CortexM3\ARM_GCC_493\Debug\I2C_LCD_Example01.a(CyLib.o)
 .text.CySysTickGetCountFlag
                0x00000000       0x10 .\CortexM3\ARM_GCC_493\Debug\I2C_LCD_Example01.a(CyLib.o)
 .text.CySysTickServiceCallbacks
                0x00000000       0x28 .\CortexM3\ARM_GCC_493\Debug\I2C_LCD_Example01.a(CyLib.o)
 .text.CySysTickClear
                0x00000000        0xc .\CortexM3\ARM_GCC_493\Debug\I2C_LCD_Example01.a(CyLib.o)
 .text.CySysTickInit
                0x00000000       0x58 .\CortexM3\ARM_GCC_493\Debug\I2C_LCD_Example01.a(CyLib.o)
 .text.CySysTickStart
                0x00000000       0x1c .\CortexM3\ARM_GCC_493\Debug\I2C_LCD_Example01.a(CyLib.o)
 .text.CySysTickSetCallback
                0x00000000       0x10 .\CortexM3\ARM_GCC_493\Debug\I2C_LCD_Example01.a(CyLib.o)
 .text.CySysTickGetCallback
                0x00000000       0x10 .\CortexM3\ARM_GCC_493\Debug\I2C_LCD_Example01.a(CyLib.o)
 .text.CyGetUniqueId
                0x00000000       0x70 .\CortexM3\ARM_GCC_493\Debug\I2C_LCD_Example01.a(CyLib.o)
 .text          0x00000000        0x0 .\CortexM3\ARM_GCC_493\Debug\I2C_LCD_Example01.a(cyPm.o)
 .data          0x00000000        0x0 .\CortexM3\ARM_GCC_493\Debug\I2C_LCD_Example01.a(cyPm.o)
 .bss           0x00000000       0x44 .\CortexM3\ARM_GCC_493\Debug\I2C_LCD_Example01.a(cyPm.o)
 .text.CyPmHibSlpSaveSet
                0x00000000      0x1dc .\CortexM3\ARM_GCC_493\Debug\I2C_LCD_Example01.a(cyPm.o)
 .text.CyPmHibSlpRestore
                0x00000000       0xd4 .\CortexM3\ARM_GCC_493\Debug\I2C_LCD_Example01.a(cyPm.o)
 .text.CyPmHviLviSaveDisable
                0x00000000       0xa0 .\CortexM3\ARM_GCC_493\Debug\I2C_LCD_Example01.a(cyPm.o)
 .text.CyPmHibSaveSet
                0x00000000       0x8c .\CortexM3\ARM_GCC_493\Debug\I2C_LCD_Example01.a(cyPm.o)
 .text.CyPmHviLviRestore
                0x00000000       0x48 .\CortexM3\ARM_GCC_493\Debug\I2C_LCD_Example01.a(cyPm.o)
 .text.CyPmHibRestore
                0x00000000       0x58 .\CortexM3\ARM_GCC_493\Debug\I2C_LCD_Example01.a(cyPm.o)
 .text.CyPmSaveClocks
                0x00000000      0x218 .\CortexM3\ARM_GCC_493\Debug\I2C_LCD_Example01.a(cyPm.o)
 .text.CyPmRestoreClocks
                0x00000000      0x24c .\CortexM3\ARM_GCC_493\Debug\I2C_LCD_Example01.a(cyPm.o)
 .text.CyPmAltAct
                0x00000000       0x6c .\CortexM3\ARM_GCC_493\Debug\I2C_LCD_Example01.a(cyPm.o)
 .text.CyPmSleep
                0x00000000       0xf4 .\CortexM3\ARM_GCC_493\Debug\I2C_LCD_Example01.a(cyPm.o)
 .text.CyPmHibernateEx
                0x00000000       0xf4 .\CortexM3\ARM_GCC_493\Debug\I2C_LCD_Example01.a(cyPm.o)
 .text.CyPmHibernate
                0x00000000        0xc .\CortexM3\ARM_GCC_493\Debug\I2C_LCD_Example01.a(cyPm.o)
 .text.CyPmReadStatus
                0x00000000       0x30 .\CortexM3\ARM_GCC_493\Debug\I2C_LCD_Example01.a(cyPm.o)
 .text.CyPmCtwSetInterval
                0x00000000       0x5c .\CortexM3\ARM_GCC_493\Debug\I2C_LCD_Example01.a(cyPm.o)
 .text.CyPmOppsSet
                0x00000000       0x2c .\CortexM3\ARM_GCC_493\Debug\I2C_LCD_Example01.a(cyPm.o)
 .text.CyPmFtwSetInterval
                0x00000000       0x5c .\CortexM3\ARM_GCC_493\Debug\I2C_LCD_Example01.a(cyPm.o)
 .rodata        0x00000000       0x10 .\CortexM3\ARM_GCC_493\Debug\I2C_LCD_Example01.a(cyPm.o)
 .text          0x00000000        0x0 .\CortexM3\ARM_GCC_493\Debug\I2C_LCD_Example01.a(CyFlash.o)
 .data          0x00000000        0x0 .\CortexM3\ARM_GCC_493\Debug\I2C_LCD_Example01.a(CyFlash.o)
 .bss           0x00000000        0x4 .\CortexM3\ARM_GCC_493\Debug\I2C_LCD_Example01.a(CyFlash.o)
 .text.CyFlashGetSpcAlgorithm
                0x00000000       0x4c .\CortexM3\ARM_GCC_493\Debug\I2C_LCD_Example01.a(CyFlash.o)
 .text.CySetTempInt
                0x00000000       0x60 .\CortexM3\ARM_GCC_493\Debug\I2C_LCD_Example01.a(CyFlash.o)
 .text.CyFlash_Start
                0x00000000       0x54 .\CortexM3\ARM_GCC_493\Debug\I2C_LCD_Example01.a(CyFlash.o)
 .text.CyFlash_Stop
                0x00000000       0x24 .\CortexM3\ARM_GCC_493\Debug\I2C_LCD_Example01.a(CyFlash.o)
 .text.CySetTemp
                0x00000000       0x14 .\CortexM3\ARM_GCC_493\Debug\I2C_LCD_Example01.a(CyFlash.o)
 .text.CySetFlashEEBuffer
                0x00000000       0x28 .\CortexM3\ARM_GCC_493\Debug\I2C_LCD_Example01.a(CyFlash.o)
 .text.CyWriteRowFull
                0x00000000       0xf8 .\CortexM3\ARM_GCC_493\Debug\I2C_LCD_Example01.a(CyFlash.o)
 .text.CyWriteRowData
                0x00000000       0x14 .\CortexM3\ARM_GCC_493\Debug\I2C_LCD_Example01.a(CyFlash.o)
 .text.CyFlash_SetWaitCycles
                0x00000000       0x7c .\CortexM3\ARM_GCC_493\Debug\I2C_LCD_Example01.a(CyFlash.o)
 .text.CyEEPROM_Start
                0x00000000       0x54 .\CortexM3\ARM_GCC_493\Debug\I2C_LCD_Example01.a(CyFlash.o)
 .text.CyEEPROM_Stop
                0x00000000       0x24 .\CortexM3\ARM_GCC_493\Debug\I2C_LCD_Example01.a(CyFlash.o)
 .text.CyEEPROM_ReadReserve
                0x00000000       0x1c .\CortexM3\ARM_GCC_493\Debug\I2C_LCD_Example01.a(CyFlash.o)
 .text.CyEEPROM_ReadRelease
                0x00000000       0x10 .\CortexM3\ARM_GCC_493\Debug\I2C_LCD_Example01.a(CyFlash.o)
 COMMON         0x00000000        0x2 .\CortexM3\ARM_GCC_493\Debug\I2C_LCD_Example01.a(CyFlash.o)
 .text          0x00000000        0x0 .\CortexM3\ARM_GCC_493\Debug\I2C_LCD_Example01.a(CySpc.o)
 .data          0x00000000        0x0 .\CortexM3\ARM_GCC_493\Debug\I2C_LCD_Example01.a(CySpc.o)
 .bss           0x00000000        0x8 .\CortexM3\ARM_GCC_493\Debug\I2C_LCD_Example01.a(CySpc.o)
 .text.CySpcStart
                0x00000000       0x24 .\CortexM3\ARM_GCC_493\Debug\I2C_LCD_Example01.a(CySpc.o)
 .text.CySpcStop
                0x00000000       0x24 .\CortexM3\ARM_GCC_493\Debug\I2C_LCD_Example01.a(CySpc.o)
 .text.CySpcReadData
                0x00000000       0x34 .\CortexM3\ARM_GCC_493\Debug\I2C_LCD_Example01.a(CySpc.o)
 .text.CySpcLoadMultiByte
                0x00000000       0x78 .\CortexM3\ARM_GCC_493\Debug\I2C_LCD_Example01.a(CySpc.o)
 .text.CySpcLoadRow
                0x00000000       0x54 .\CortexM3\ARM_GCC_493\Debug\I2C_LCD_Example01.a(CySpc.o)
 .text.CySpcLoadRowFull
                0x00000000       0x80 .\CortexM3\ARM_GCC_493\Debug\I2C_LCD_Example01.a(CySpc.o)
 .text.CySpcWriteRow
                0x00000000       0x4c .\CortexM3\ARM_GCC_493\Debug\I2C_LCD_Example01.a(CySpc.o)
 .text.CySpcEraseSector
                0x00000000       0x3c .\CortexM3\ARM_GCC_493\Debug\I2C_LCD_Example01.a(CySpc.o)
 .text.CySpcGetTemp
                0x00000000       0x3c .\CortexM3\ARM_GCC_493\Debug\I2C_LCD_Example01.a(CySpc.o)
 .text.CySpcLock
                0x00000000       0x4c .\CortexM3\ARM_GCC_493\Debug\I2C_LCD_Example01.a(CySpc.o)
 .text.CySpcUnlock
                0x00000000       0x38 .\CortexM3\ARM_GCC_493\Debug\I2C_LCD_Example01.a(CySpc.o)
 .text.CySpcGetAlgorithm
                0x00000000       0x28 .\CortexM3\ARM_GCC_493\Debug\I2C_LCD_Example01.a(CySpc.o)
 .text          0x00000000        0x0 c:/program files (x86)/cypress/psoc creator/3.3/psoc creator/import/gnu/arm/4.9.3/bin/../lib/gcc/arm-none-eabi/4.9.3/../../../../arm-none-eabi/lib/armv7-m\libg_nano.a(lib_a-errno.o)
 .data          0x00000000        0x0 c:/program files (x86)/cypress/psoc creator/3.3/psoc creator/import/gnu/arm/4.9.3/bin/../lib/gcc/arm-none-eabi/4.9.3/../../../../arm-none-eabi/lib/armv7-m\libg_nano.a(lib_a-errno.o)
 .bss           0x00000000        0x0 c:/program files (x86)/cypress/psoc creator/3.3/psoc creator/import/gnu/arm/4.9.3/bin/../lib/gcc/arm-none-eabi/4.9.3/../../../../arm-none-eabi/lib/armv7-m\libg_nano.a(lib_a-errno.o)
 .text.__errno  0x00000000        0xc c:/program files (x86)/cypress/psoc creator/3.3/psoc creator/import/gnu/arm/4.9.3/bin/../lib/gcc/arm-none-eabi/4.9.3/../../../../arm-none-eabi/lib/armv7-m\libg_nano.a(lib_a-errno.o)
 .text          0x00000000        0x0 c:/program files (x86)/cypress/psoc creator/3.3/psoc creator/import/gnu/arm/4.9.3/bin/../lib/gcc/arm-none-eabi/4.9.3/../../../../arm-none-eabi/lib/armv7-m\libg_nano.a(lib_a-exit.o)
 .data          0x00000000        0x0 c:/program files (x86)/cypress/psoc creator/3.3/psoc creator/import/gnu/arm/4.9.3/bin/../lib/gcc/arm-none-eabi/4.9.3/../../../../arm-none-eabi/lib/armv7-m\libg_nano.a(lib_a-exit.o)
 .bss           0x00000000        0x0 c:/program files (x86)/cypress/psoc creator/3.3/psoc creator/import/gnu/arm/4.9.3/bin/../lib/gcc/arm-none-eabi/4.9.3/../../../../arm-none-eabi/lib/armv7-m\libg_nano.a(lib_a-exit.o)
 .text.exit     0x00000000       0x28 c:/program files (x86)/cypress/psoc creator/3.3/psoc creator/import/gnu/arm/4.9.3/bin/../lib/gcc/arm-none-eabi/4.9.3/../../../../arm-none-eabi/lib/armv7-m\libg_nano.a(lib_a-exit.o)
 .text          0x00000000        0x0 c:/program files (x86)/cypress/psoc creator/3.3/psoc creator/import/gnu/arm/4.9.3/bin/../lib/gcc/arm-none-eabi/4.9.3/../../../../arm-none-eabi/lib/armv7-m\libg_nano.a(lib_a-impure.o)
 .data          0x00000000        0x0 c:/program files (x86)/cypress/psoc creator/3.3/psoc creator/import/gnu/arm/4.9.3/bin/../lib/gcc/arm-none-eabi/4.9.3/../../../../arm-none-eabi/lib/armv7-m\libg_nano.a(lib_a-impure.o)
 .bss           0x00000000        0x0 c:/program files (x86)/cypress/psoc creator/3.3/psoc creator/import/gnu/arm/4.9.3/bin/../lib/gcc/arm-none-eabi/4.9.3/../../../../arm-none-eabi/lib/armv7-m\libg_nano.a(lib_a-impure.o)
 .data.impure_data
                0x00000000       0x60 c:/program files (x86)/cypress/psoc creator/3.3/psoc creator/import/gnu/arm/4.9.3/bin/../lib/gcc/arm-none-eabi/4.9.3/../../../../arm-none-eabi/lib/armv7-m\libg_nano.a(lib_a-impure.o)
 .data._impure_ptr
                0x00000000        0x4 c:/program files (x86)/cypress/psoc creator/3.3/psoc creator/import/gnu/arm/4.9.3/bin/../lib/gcc/arm-none-eabi/4.9.3/../../../../arm-none-eabi/lib/armv7-m\libg_nano.a(lib_a-impure.o)
 .rodata.str1.1
                0x00000000        0x2 c:/program files (x86)/cypress/psoc creator/3.3/psoc creator/import/gnu/arm/4.9.3/bin/../lib/gcc/arm-none-eabi/4.9.3/../../../../arm-none-eabi/lib/armv7-m\libg_nano.a(lib_a-impure.o)
 .rodata._global_impure_ptr
                0x00000000        0x4 c:/program files (x86)/cypress/psoc creator/3.3/psoc creator/import/gnu/arm/4.9.3/bin/../lib/gcc/arm-none-eabi/4.9.3/../../../../arm-none-eabi/lib/armv7-m\libg_nano.a(lib_a-impure.o)
 .text          0x00000000        0x0 c:/program files (x86)/cypress/psoc creator/3.3/psoc creator/import/gnu/arm/4.9.3/bin/../lib/gcc/arm-none-eabi/4.9.3/../../../../arm-none-eabi/lib/armv7-m\libg_nano.a(lib_a-init.o)
 .data          0x00000000        0x0 c:/program files (x86)/cypress/psoc creator/3.3/psoc creator/import/gnu/arm/4.9.3/bin/../lib/gcc/arm-none-eabi/4.9.3/../../../../arm-none-eabi/lib/armv7-m\libg_nano.a(lib_a-init.o)
 .bss           0x00000000        0x0 c:/program files (x86)/cypress/psoc creator/3.3/psoc creator/import/gnu/arm/4.9.3/bin/../lib/gcc/arm-none-eabi/4.9.3/../../../../arm-none-eabi/lib/armv7-m\libg_nano.a(lib_a-init.o)
 .text          0x00000000        0x0 c:/program files (x86)/cypress/psoc creator/3.3/psoc creator/import/gnu/arm/4.9.3/bin/../lib/gcc/arm-none-eabi/4.9.3/../../../../arm-none-eabi/lib/armv7-m\libg_nano.a(lib_a-memcpy.o)
 .data          0x00000000        0x0 c:/program files (x86)/cypress/psoc creator/3.3/psoc creator/import/gnu/arm/4.9.3/bin/../lib/gcc/arm-none-eabi/4.9.3/../../../../arm-none-eabi/lib/armv7-m\libg_nano.a(lib_a-memcpy.o)
 .bss           0x00000000        0x0 c:/program files (x86)/cypress/psoc creator/3.3/psoc creator/import/gnu/arm/4.9.3/bin/../lib/gcc/arm-none-eabi/4.9.3/../../../../arm-none-eabi/lib/armv7-m\libg_nano.a(lib_a-memcpy.o)
 .text          0x00000000        0x0 c:/program files (x86)/cypress/psoc creator/3.3/psoc creator/import/gnu/arm/4.9.3/bin/../lib/gcc/arm-none-eabi/4.9.3/../../../../arm-none-eabi/lib/armv7-m\libg_nano.a(lib_a-memset.o)
 .data          0x00000000        0x0 c:/program files (x86)/cypress/psoc creator/3.3/psoc creator/import/gnu/arm/4.9.3/bin/../lib/gcc/arm-none-eabi/4.9.3/../../../../arm-none-eabi/lib/armv7-m\libg_nano.a(lib_a-memset.o)
 .bss           0x00000000        0x0 c:/program files (x86)/cypress/psoc creator/3.3/psoc creator/import/gnu/arm/4.9.3/bin/../lib/gcc/arm-none-eabi/4.9.3/../../../../arm-none-eabi/lib/armv7-m\libg_nano.a(lib_a-memset.o)
 .text          0x00000000        0x0 c:/program files (x86)/cypress/psoc creator/3.3/psoc creator/import/gnu/arm/4.9.3/bin/../lib/gcc/arm-none-eabi/4.9.3/armv7-m/crtend.o
 .data          0x00000000        0x0 c:/program files (x86)/cypress/psoc creator/3.3/psoc creator/import/gnu/arm/4.9.3/bin/../lib/gcc/arm-none-eabi/4.9.3/armv7-m/crtend.o
 .bss           0x00000000        0x0 c:/program files (x86)/cypress/psoc creator/3.3/psoc creator/import/gnu/arm/4.9.3/bin/../lib/gcc/arm-none-eabi/4.9.3/armv7-m/crtend.o
 .text          0x00000000        0x0 c:/program files (x86)/cypress/psoc creator/3.3/psoc creator/import/gnu/arm/4.9.3/bin/../lib/gcc/arm-none-eabi/4.9.3/armv7-m/crtn.o
 .data          0x00000000        0x0 c:/program files (x86)/cypress/psoc creator/3.3/psoc creator/import/gnu/arm/4.9.3/bin/../lib/gcc/arm-none-eabi/4.9.3/armv7-m/crtn.o
 .bss           0x00000000        0x0 c:/program files (x86)/cypress/psoc creator/3.3/psoc creator/import/gnu/arm/4.9.3/bin/../lib/gcc/arm-none-eabi/4.9.3/armv7-m/crtn.o

Memory Configuration

Name             Origin             Length             Attributes
rom              0x00000000         0x00040000         xr
ram              0x1fff8000         0x00010000         xrw
*default*        0x00000000         0xffffffff

Linker script and memory map

LOAD c:/program files (x86)/cypress/psoc creator/3.3/psoc creator/import/gnu/arm/4.9.3/bin/../lib/gcc/arm-none-eabi/4.9.3/armv7-m/crti.o
LOAD c:/program files (x86)/cypress/psoc creator/3.3/psoc creator/import/gnu/arm/4.9.3/bin/../lib/gcc/arm-none-eabi/4.9.3/armv7-m/crtbegin.o
LOAD c:/program files (x86)/cypress/psoc creator/3.3/psoc creator/import/gnu/arm/4.9.3/bin/../lib/gcc/arm-none-eabi/4.9.3/../../../../arm-none-eabi/lib/armv7-m/crt0.o
START GROUP
LOAD .\CortexM3\ARM_GCC_493\Debug\main.o
LOAD .\CortexM3\ARM_GCC_493\Debug\cymetadata.o
LOAD .\CortexM3\ARM_GCC_493\Debug\Cm3Start.o
LOAD .\CortexM3\ARM_GCC_493\Debug\I2C_LCD_Example01.a
LOAD C:\Program Files (x86)\Cypress\PSoC Creator\3.3\PSoC Creator\psoc\content\cycomponentlibrary\CyComponentLibrary.cylib\CortexM3\ARM_GCC_493\Debug\CyComponentLibrary.a
END GROUP
START GROUP
LOAD c:/program files (x86)/cypress/psoc creator/3.3/psoc creator/import/gnu/arm/4.9.3/bin/../lib/gcc/arm-none-eabi/4.9.3/armv7-m\libgcc.a
LOAD c:/program files (x86)/cypress/psoc creator/3.3/psoc creator/import/gnu/arm/4.9.3/bin/../lib/gcc/arm-none-eabi/4.9.3/../../../../arm-none-eabi/lib/armv7-m\libg_nano.a
LOAD c:/program files (x86)/cypress/psoc creator/3.3/psoc creator/import/gnu/arm/4.9.3/bin/../lib/gcc/arm-none-eabi/4.9.3/../../../../arm-none-eabi/lib/armv7-m\libc_nano.a
END GROUP
START GROUP
LOAD c:/program files (x86)/cypress/psoc creator/3.3/psoc creator/import/gnu/arm/4.9.3/bin/../lib/gcc/arm-none-eabi/4.9.3/armv7-m\libgcc.a
LOAD c:/program files (x86)/cypress/psoc creator/3.3/psoc creator/import/gnu/arm/4.9.3/bin/../lib/gcc/arm-none-eabi/4.9.3/../../../../arm-none-eabi/lib/armv7-m\libc_nano.a
END GROUP
LOAD c:/program files (x86)/cypress/psoc creator/3.3/psoc creator/import/gnu/arm/4.9.3/bin/../lib/gcc/arm-none-eabi/4.9.3/armv7-m/crtend.o
LOAD c:/program files (x86)/cypress/psoc creator/3.3/psoc creator/import/gnu/arm/4.9.3/bin/../lib/gcc/arm-none-eabi/4.9.3/armv7-m/crtn.o
START GROUP
LOAD c:/program files (x86)/cypress/psoc creator/3.3/psoc creator/import/gnu/arm/4.9.3/bin/../lib/gcc/arm-none-eabi/4.9.3/armv7-m\libgcc.a
LOAD c:/program files (x86)/cypress/psoc creator/3.3/psoc creator/import/gnu/arm/4.9.3/bin/../lib/gcc/arm-none-eabi/4.9.3/../../../../arm-none-eabi/lib/armv7-m\libc.a
LOAD c:/program files (x86)/cypress/psoc creator/3.3/psoc creator/import/gnu/arm/4.9.3/bin/../lib/gcc/arm-none-eabi/4.9.3/../../../../arm-none-eabi/lib/armv7-m\libnosys.a
END GROUP
                0x00000000                CY_APPL_ORIGIN = 0x0
                0x00000100                CY_FLASH_ROW_SIZE = 0x100
                0x00000020                CY_ECC_ROW_SIZE = 0x20
                0x00000000                CY_EE_IN_BTLDR = 0x0
                0x00000000                CY_APPL_LOADABLE = 0x0
                0x00000800                CY_EE_SIZE = 0x800
                0x00000001                CY_APPL_NUM = 0x1
                0x00000001                CY_APPL_MAX = 0x1
                0x00000040                CY_METADATA_SIZE = 0x40
                0x00000000                CY_APPL_LOADABLE = 0x0
                0x00000000                CY_CHECKSUM_EXCLUDE_SIZE = ALIGN (0x0, CY_FLASH_ROW_SIZE)
                0x1fff8268                PROVIDE (__cy_heap_start, _end)
                0x00000001                PROVIDE (__cy_region_num, ((__cy_regions_end - __cy_regions) / 0x10))
                0x20008000                PROVIDE (__cy_stack, (ORIGIN (ram) + 0x10000))
                0x20007800                PROVIDE (__cy_heap_end, (__cy_stack - 0x800))

.cybootloader   0x00000000        0x0
 *(.cybootloader)
                0x00000000                appl1_start = CY_APPL_ORIGIN?CY_APPL_ORIGIN:ALIGN (CY_FLASH_ROW_SIZE)
                0x0001ff00                appl2_start = (appl1_start + ALIGN ((((0x40000 - appl1_start) - (0x2 * CY_FLASH_ROW_SIZE)) / 0x2), CY_FLASH_ROW_SIZE))
                0x00000000                appl_start = (CY_APPL_NUM == 0x1)?appl1_start:appl2_start
                0x00000000                ecc_offset = ((appl_start / CY_FLASH_ROW_SIZE) * CY_ECC_ROW_SIZE)
                0x00000000                ee_offset = (CY_APPL_LOADABLE && ! (CY_EE_IN_BTLDR))?((CY_EE_SIZE / CY_APPL_MAX) * (CY_APPL_NUM - 0x1)):0x0
                0x00000800                ee_size = (CY_APPL_LOADABLE && ! (CY_EE_IN_BTLDR))?(CY_EE_SIZE / CY_APPL_MAX):CY_EE_SIZE
                0x00000000                PROVIDE (CY_ECC_OFFSET, ecc_offset)

.text           0x00000000      0xd06
 CREATE_OBJECT_SYMBOLS
                0x00000000                PROVIDE (__cy_interrupt_vector, RomVectors)
 *(.romvectors)
 .romvectors    0x00000000       0x10 .\CortexM3\ARM_GCC_493\Debug\Cm3Start.o
                0x00000000                RomVectors
                0x00000001                ASSERT ((. != __cy_interrupt_vector), No interrupt vector)
                0x00000001                ASSERT (CY_APPL_ORIGIN?(SIZEOF (.cybootloader) <= CY_APPL_ORIGIN):0x1, Wrong image location)
                0x00000010                PROVIDE (__cy_reset, Reset)
 *(.text.Reset)
 .text.Reset    0x00000010       0x18 .\CortexM3\ARM_GCC_493\Debug\Cm3Start.o
                0x00000010                Reset
                0x00000001                ASSERT ((. != __cy_reset), No reset code)
 *(.dma_init)
                0x00000001                ASSERT ((((appl_start + .) <= 0x10000) || 0x1), DMA Init must be within the first 64k of flash)
 *(.text .text.* .gnu.linkonce.t.*)
 .text          0x00000028       0x5c c:/program files (x86)/cypress/psoc creator/3.3/psoc creator/import/gnu/arm/4.9.3/bin/../lib/gcc/arm-none-eabi/4.9.3/armv7-m/crtbegin.o
 .text.FlipLcdIsr
                0x00000084       0x2c .\CortexM3\ARM_GCC_493\Debug\main.o
                0x00000084                FlipLcdIsr
 .text.main     0x000000b0       0x8c .\CortexM3\ARM_GCC_493\Debug\main.o
                0x000000b0                main
 .text.IntDefaultHandler
                0x0000013c        0x4 .\CortexM3\ARM_GCC_493\Debug\Cm3Start.o
                0x0000013c                IntDefaultHandler
 .text.Start_c  0x00000140       0x4c .\CortexM3\ARM_GCC_493\Debug\Cm3Start.o
                0x00000140                Start_c
 .text.initialize_psoc
                0x0000018c       0x74 .\CortexM3\ARM_GCC_493\Debug\Cm3Start.o
                0x0000018c                initialize_psoc
 .text.CyClockStartupError
                0x00000200        0x4 .\CortexM3\ARM_GCC_493\Debug\I2C_LCD_Example01.a(cyfitter_cfg.o)
 .text.cfg_write_bytes32
                0x00000204       0x34 .\CortexM3\ARM_GCC_493\Debug\I2C_LCD_Example01.a(cyfitter_cfg.o)
 .text.AnalogSetDefault
                0x00000238       0x28 .\CortexM3\ARM_GCC_493\Debug\I2C_LCD_Example01.a(cyfitter_cfg.o)
 .text.CYMEMZERO
                0x00000260        0xc .\CortexM3\ARM_GCC_493\Debug\I2C_LCD_Example01.a(cyfitter_cfg.o)
 .text.ClockSetup
                0x0000026c       0xb8 .\CortexM3\ARM_GCC_493\Debug\I2C_LCD_Example01.a(cyfitter_cfg.o)
 .text.CYCONFIGCPY
                0x00000324        0x8 .\CortexM3\ARM_GCC_493\Debug\I2C_LCD_Example01.a(cyfitter_cfg.o)
 .text.cyfitter_cfg
                0x0000032c      0x120 .\CortexM3\ARM_GCC_493\Debug\I2C_LCD_Example01.a(cyfitter_cfg.o)
                0x0000032c                cyfitter_cfg
 .text.I2C_LCD_WrDataToBuff
                0x0000044c       0x14 .\CortexM3\ARM_GCC_493\Debug\I2C_LCD_Example01.a(I2C_LCD.o)
 .text.I2C_LCD_WrCntrlPatt
                0x00000460       0x38 .\CortexM3\ARM_GCC_493\Debug\I2C_LCD_Example01.a(I2C_LCD.o)
 .text.I2C_LCD_SendSequence
                0x00000498       0x2c .\CortexM3\ARM_GCC_493\Debug\I2C_LCD_Example01.a(I2C_LCD.o)
 .text.I2C_LCD_SendCmd
                0x000004c4       0x18 .\CortexM3\ARM_GCC_493\Debug\I2C_LCD_Example01.a(I2C_LCD.o)
 .text.I2C_LCD_Position
                0x000004dc       0x4c .\CortexM3\ARM_GCC_493\Debug\I2C_LCD_Example01.a(I2C_LCD.o)
                0x000004dc                I2C_LCD_Position
 .text.I2C_LCD_WriteData
                0x00000528       0x18 .\CortexM3\ARM_GCC_493\Debug\I2C_LCD_Example01.a(I2C_LCD.o)
                0x00000528                I2C_LCD_WriteData
 .text.I2C_LCD_WriteControl
                0x00000540       0x54 .\CortexM3\ARM_GCC_493\Debug\I2C_LCD_Example01.a(I2C_LCD.o)
                0x00000540                I2C_LCD_WriteControl
 .text.I2C_LCD_Enable
                0x00000594        0xc .\CortexM3\ARM_GCC_493\Debug\I2C_LCD_Example01.a(I2C_LCD.o)
                0x00000594                I2C_LCD_Enable
 .text.I2C_LCD_PrintString
                0x000005a0       0x34 .\CortexM3\ARM_GCC_493\Debug\I2C_LCD_Example01.a(I2C_LCD.o)
                0x000005a0                I2C_LCD_PrintString
 .text.I2C_LCD_SetAddr
                0x000005d4        0xc .\CortexM3\ARM_GCC_493\Debug\I2C_LCD_Example01.a(I2C_LCD.o)
                0x000005d4                I2C_LCD_SetAddr
 .text.I2C_LCD_LoadCustomFonts
                0x000005e0       0x30 .\CortexM3\ARM_GCC_493\Debug\I2C_LCD_Example01.a(I2C_LCD.o)
                0x000005e0                I2C_LCD_LoadCustomFonts
 .text.I2C_LCD_Init
                0x00000610       0x50 .\CortexM3\ARM_GCC_493\Debug\I2C_LCD_Example01.a(I2C_LCD.o)
                0x00000610                I2C_LCD_Init
 .text.I2C_LCD_Start
                0x00000660       0x20 .\CortexM3\ARM_GCC_493\Debug\I2C_LCD_Example01.a(I2C_LCD.o)
                0x00000660                I2C_LCD_Start
 .text.LCD_RST_Write
                0x00000680       0x18 .\CortexM3\ARM_GCC_493\Debug\I2C_LCD_Example01.a(LCD_RST.o)
                0x00000680                LCD_RST_Write
 .text.I2C_M_Init
                0x00000698       0x78 .\CortexM3\ARM_GCC_493\Debug\I2C_LCD_Example01.a(I2C_M.o)
                0x00000698                I2C_M_Init
 .text.I2C_M_Enable
                0x00000710       0x10 .\CortexM3\ARM_GCC_493\Debug\I2C_LCD_Example01.a(I2C_M.o)
                0x00000710                I2C_M_Enable
 .text.I2C_M_Start
                0x00000720       0x28 .\CortexM3\ARM_GCC_493\Debug\I2C_LCD_Example01.a(I2C_M.o)
                0x00000720                I2C_M_Start
 .text.I2C_M_ISR
                0x00000748      0x324 .\CortexM3\ARM_GCC_493\Debug\I2C_LCD_Example01.a(I2C_M_INT.o)
                0x00000748                I2C_M_ISR
 .text.I2C_M_MasterWriteBuf
                0x00000a6c       0xdc .\CortexM3\ARM_GCC_493\Debug\I2C_LCD_Example01.a(I2C_M_MASTER.o)
                0x00000a6c                I2C_M_MasterWriteBuf
 .text.I2C_M_MasterStatus
                0x00000b48       0x34 .\CortexM3\ARM_GCC_493\Debug\I2C_LCD_Example01.a(I2C_M_MASTER.o)
                0x00000b48                I2C_M_MasterStatus
 .text.Button_Isr_SetVector
                0x00000b7c        0xc .\CortexM3\ARM_GCC_493\Debug\I2C_LCD_Example01.a(Button_Isr.o)
                0x00000b7c                Button_Isr_SetVector
 .text.Button_Isr_SetPriority
                0x00000b88       0x10 .\CortexM3\ARM_GCC_493\Debug\I2C_LCD_Example01.a(Button_Isr.o)
                0x00000b88                Button_Isr_SetPriority
 .text.Button_Isr_Enable
                0x00000b98        0xc .\CortexM3\ARM_GCC_493\Debug\I2C_LCD_Example01.a(Button_Isr.o)
                0x00000b98                Button_Isr_Enable
 .text.Button_Isr_Disable
                0x00000ba4        0xc .\CortexM3\ARM_GCC_493\Debug\I2C_LCD_Example01.a(Button_Isr.o)
                0x00000ba4                Button_Isr_Disable
 .text.Button_Isr_StartEx
                0x00000bb0       0x1c .\CortexM3\ARM_GCC_493\Debug\I2C_LCD_Example01.a(Button_Isr.o)
                0x00000bb0                Button_Isr_StartEx
 .text.Button_ClearInterrupt
                0x00000bcc        0xc .\CortexM3\ARM_GCC_493\Debug\I2C_LCD_Example01.a(Button.o)
                0x00000bcc                Button_ClearInterrupt
 .text          0x00000bd8       0x20 .\CortexM3\ARM_GCC_493\Debug\I2C_LCD_Example01.a(CyBootAsmGnu.o)
                0x00000bd8                CyDelayCycles
                0x00000be8                CyEnterCriticalSection
                0x00000bf0                CyExitCriticalSection
 .text.CyHalt   0x00000bf8        0x4 .\CortexM3\ARM_GCC_493\Debug\I2C_LCD_Example01.a(CyLib.o)
                0x00000bf8                CyHalt
 .text.CyDelay  0x00000bfc       0x2c .\CortexM3\ARM_GCC_493\Debug\I2C_LCD_Example01.a(CyLib.o)
                0x00000bfc                CyDelay
 .text.CyDelayUs
                0x00000c28       0x14 .\CortexM3\ARM_GCC_493\Debug\I2C_LCD_Example01.a(CyLib.o)
                0x00000c28                CyDelayUs
 .text.CyIntSetVector
                0x00000c3c       0x28 .\CortexM3\ARM_GCC_493\Debug\I2C_LCD_Example01.a(CyLib.o)
                0x00000c3c                CyIntSetVector
 .text.CyIntSetPriority
                0x00000c64       0x30 .\CortexM3\ARM_GCC_493\Debug\I2C_LCD_Example01.a(CyLib.o)
                0x00000c64                CyIntSetPriority
 .text.__libc_init_array
                0x00000c94       0x4c c:/program files (x86)/cypress/psoc creator/3.3/psoc creator/import/gnu/arm/4.9.3/bin/../lib/gcc/arm-none-eabi/4.9.3/../../../../arm-none-eabi/lib/armv7-m\libg_nano.a(lib_a-init.o)
                0x00000c94                __libc_init_array
 .text.memcpy   0x00000ce0       0x16 c:/program files (x86)/cypress/psoc creator/3.3/psoc creator/import/gnu/arm/4.9.3/bin/../lib/gcc/arm-none-eabi/4.9.3/../../../../arm-none-eabi/lib/armv7-m\libg_nano.a(lib_a-memcpy.o)
                0x00000ce0                memcpy
 .text.memset   0x00000cf6       0x10 c:/program files (x86)/cypress/psoc creator/3.3/psoc creator/import/gnu/arm/4.9.3/bin/../lib/gcc/arm-none-eabi/4.9.3/../../../../arm-none-eabi/lib/armv7-m\libg_nano.a(lib_a-memset.o)
                0x00000cf6                memset
 *(.plt)
 *(.gnu.warning)
 *(.glue_7t)
 .glue_7t       0x00000000        0x0 linker stubs
 *(.glue_7)
 .glue_7        0x00000000        0x0 linker stubs
 *(.vfp11_veneer)
 .vfp11_veneer  0x00000000        0x0 linker stubs
 *(.bootloader)
 *(.ARM.extab* .gnu.linkonce.armextab.*)
 *(.gcc_except_table)

.v4_bx          0x00000d08        0x0
 .v4_bx         0x00000000        0x0 linker stubs

.iplt           0x00000d08        0x0
 .iplt          0x00000000        0x0 c:/program files (x86)/cypress/psoc creator/3.3/psoc creator/import/gnu/arm/4.9.3/bin/../lib/gcc/arm-none-eabi/4.9.3/armv7-m/crtbegin.o

.eh_frame_hdr
 *(.eh_frame_hdr)

.eh_frame       0x00000d08        0x4
 *(.eh_frame)
 .eh_frame      0x00000d08        0x0 c:/program files (x86)/cypress/psoc creator/3.3/psoc creator/import/gnu/arm/4.9.3/bin/../lib/gcc/arm-none-eabi/4.9.3/armv7-m/crtbegin.o
 .eh_frame      0x00000d08        0x4 c:/program files (x86)/cypress/psoc creator/3.3/psoc creator/import/gnu/arm/4.9.3/bin/../lib/gcc/arm-none-eabi/4.9.3/armv7-m/crtend.o
                0x00000d0c                PROVIDE (__exidx_start, .)

.ARM.exidx
 *(.ARM.exidx* .gnu.linkonce.armexidx.*)
                0x00000d0c                __exidx_end = .

.rodata         0x00000d0c      0x114
 *(.rodata .rodata.* .gnu.linkonce.r.*)
 .rodata.str1.4
                0x00000d0c        0xc .\CortexM3\ARM_GCC_493\Debug\main.o
 .rodata        0x00000d18       0x44 .\CortexM3\ARM_GCC_493\Debug\I2C_LCD_Example01.a(cyfitter_cfg.o)
 .rodata        0x00000d5c       0x8c .\CortexM3\ARM_GCC_493\Debug\I2C_LCD_Example01.a(I2C_LCD.o)
                0x00000da8                I2C_LCD_customFonts
                0x00000de8                . = ALIGN (0x4)
 *(.init)
 .init          0x00000de8        0x4 c:/program files (x86)/cypress/psoc creator/3.3/psoc creator/import/gnu/arm/4.9.3/bin/../lib/gcc/arm-none-eabi/4.9.3/armv7-m/crti.o
                0x00000de8                _init
 .init          0x00000dec        0x8 c:/program files (x86)/cypress/psoc creator/3.3/psoc creator/import/gnu/arm/4.9.3/bin/../lib/gcc/arm-none-eabi/4.9.3/armv7-m/crtn.o
                0x00000df4                . = ALIGN (0x4)
                0x00000df4                __preinit_array_start = .
 *(.preinit_array)
                0x00000df4                __preinit_array_end = .
                0x00000df4                . = ALIGN (0x4)
                0x00000df4                __init_array_start = .
 *(SORT(.init_array.*))
 *(.init_array)
 .init_array    0x00000df4        0x4 c:/program files (x86)/cypress/psoc creator/3.3/psoc creator/import/gnu/arm/4.9.3/bin/../lib/gcc/arm-none-eabi/4.9.3/armv7-m/crtbegin.o
 .init_array    0x00000df8        0x4 .\CortexM3\ARM_GCC_493\Debug\Cm3Start.o
                0x00000dfc                __init_array_end = .
                0x00000dfc                . = ALIGN (0x4)
 *(.fini)
 .fini          0x00000dfc        0x4 c:/program files (x86)/cypress/psoc creator/3.3/psoc creator/import/gnu/arm/4.9.3/bin/../lib/gcc/arm-none-eabi/4.9.3/armv7-m/crti.o
                0x00000dfc                _fini
 .fini          0x00000e00        0x8 c:/program files (x86)/cypress/psoc creator/3.3/psoc creator/import/gnu/arm/4.9.3/bin/../lib/gcc/arm-none-eabi/4.9.3/armv7-m/crtn.o
                0x00000e08                . = ALIGN (0x4)
                0x00000e08                __fini_array_start = .
 *(.fini_array)
 .fini_array    0x00000e08        0x4 c:/program files (x86)/cypress/psoc creator/3.3/psoc creator/import/gnu/arm/4.9.3/bin/../lib/gcc/arm-none-eabi/4.9.3/armv7-m/crtbegin.o
 *(SORT(.fini_array.*))
                0x00000e0c                __fini_array_end = .
                0x00000e0c                . = ALIGN (0x4)
 *crtbegin.o(.ctors)
 *(EXCLUDE_FILE(*crtend.o) .ctors)
 *(SORT(.ctors.*))
 *crtend.o(.ctors)
                0x00000e0c                . = ALIGN (0x4)
 *crtbegin.o(.dtors)
 *(EXCLUDE_FILE(*crtend.o) .dtors)
 *(SORT(.dtors.*))
 *crtend.o(.dtors)
                0x00000e0c                . = ALIGN (0x4)
                0x00000e0c                __cy_regions = .
                0x00000e0c        0x4 LONG 0xe20 __cy_region_init_ram
                0x00000e10        0x4 LONG 0x1fff8108 __cy_region_start_data
                0x00000e14        0x4 LONG 0x20 __cy_region_init_size_ram
                0x00000e18        0x4 LONG 0x140 __cy_region_zero_size_ram
                0x00000e1c                __cy_regions_end = .
                0x00000e20                . = ALIGN (0x8)
 *fill*         0x00000e1c        0x4 
                0x00000e20                _etext = .

.cy_checksum_exclude
                0x00000e20        0x0
 *(.cy_checksum_exclude)

.ramvectors     0x1fff8000      0x100
                0x1fff8000                __cy_region_start_ram = .
 *(.ramvectors)
 .ramvectors    0x1fff8000      0x100 .\CortexM3\ARM_GCC_493\Debug\Cm3Start.o
                0x1fff8000                CyRamVectors

.noinit         0x1fff8100        0x5
 *(.noinit)
 .noinit        0x1fff8100        0x4 .\CortexM3\ARM_GCC_493\Debug\Cm3Start.o
 .noinit        0x1fff8104        0x1 .\CortexM3\ARM_GCC_493\Debug\I2C_LCD_Example01.a(CyLib.o)
                0x1fff8104                CyResetStatus

.data           0x1fff8108       0x20 load address 0x00000e20
                0x1fff8108                __cy_region_start_data = .
 *(.jcr)
 .jcr           0x1fff8108        0x0 c:/program files (x86)/cypress/psoc creator/3.3/psoc creator/import/gnu/arm/4.9.3/bin/../lib/gcc/arm-none-eabi/4.9.3/armv7-m/crtbegin.o
 .jcr           0x1fff8108        0x4 c:/program files (x86)/cypress/psoc creator/3.3/psoc creator/import/gnu/arm/4.9.3/bin/../lib/gcc/arm-none-eabi/4.9.3/armv7-m/crtend.o
 *(.got.plt)
 *(.got)
 *(.shdata)
 *(.data .data.* .gnu.linkonce.d.*)
 .data          0x1fff810c        0x8 .\CortexM3\ARM_GCC_493\Debug\main.o
                0x1fff810c                string
 .data          0x1fff8114        0x1 .\CortexM3\ARM_GCC_493\Debug\I2C_LCD_Example01.a(I2C_LCD.o)
 *fill*         0x1fff8115        0x3 
 .data          0x1fff8118       0x10 .\CortexM3\ARM_GCC_493\Debug\I2C_LCD_Example01.a(CyLib.o)
                0x1fff8118                cydelay_32k_ms
                0x1fff811c                cydelay_freq_khz
                0x1fff8120                cydelay_freq_mhz
                0x1fff8124                cydelay_freq_hz
                0x1fff8128                . = ALIGN (0x8)
 *(.ram)
                0x1fff8128                _edata = .

.igot.plt       0x1fff8128        0x0 load address 0x00000e40
 .igot.plt      0x00000000        0x0 c:/program files (x86)/cypress/psoc creator/3.3/psoc creator/import/gnu/arm/4.9.3/bin/../lib/gcc/arm-none-eabi/4.9.3/armv7-m/crtbegin.o

.bss            0x1fff8128      0x140 load address 0x00000e40
                0x1fff8128                PROVIDE (__bss_start__, .)
 *(.shbss)
 *(.bss .bss.* .gnu.linkonce.b.*)
 .bss           0x1fff8128       0x1c c:/program files (x86)/cypress/psoc creator/3.3/psoc creator/import/gnu/arm/4.9.3/bin/../lib/gcc/arm-none-eabi/4.9.3/armv7-m/crtbegin.o
 .bss           0x1fff8144        0x1 .\CortexM3\ARM_GCC_493\Debug\main.o
                0x1fff8144                lcdState
 *fill*         0x1fff8145        0x3 
 .bss           0x1fff8148      0x108 .\CortexM3\ARM_GCC_493\Debug\I2C_LCD_Example01.a(I2C_LCD.o)
                0x1fff824c                I2C_LCD_initVar
 .bss           0x1fff8250        0x1 .\CortexM3\ARM_GCC_493\Debug\I2C_LCD_Example01.a(I2C_M.o)
                0x1fff8250                I2C_M_initVar
 *(COMMON)
 COMMON         0x1fff8251        0x1 .\CortexM3\ARM_GCC_493\Debug\I2C_LCD_Example01.a(I2C_M.o)
                0x1fff8251                I2C_M_state
 *fill*         0x1fff8252        0x2 
 COMMON         0x1fff8254        0xe .\CortexM3\ARM_GCC_493\Debug\I2C_LCD_Example01.a(I2C_M_MASTER.o)
                0x1fff8254                I2C_M_mstrRdBufPtr
                0x1fff8258                I2C_M_mstrWrBufSize
                0x1fff8259                I2C_M_mstrStatus
                0x1fff825a                I2C_M_mstrRdBufSize
                0x1fff825b                I2C_M_mstrWrBufIndex
                0x1fff825c                I2C_M_mstrWrBufPtr
                0x1fff8260                I2C_M_mstrControl
                0x1fff8261                I2C_M_mstrRdBufIndex
                0x1fff8268                . = ALIGN (0x8)
 *fill*         0x1fff8262        0x6 
 *(.ram.b)
                0x1fff8268                _end = .
                0x1fff8268                __end = .
                0x1fff8268                PROVIDE (end, .)
                0x1fff8268                PROVIDE (__bss_end__, .)
                0x00000e20                __cy_region_init_ram = LOADADDR (.data)
                0x00000020                __cy_region_init_size_ram = (_edata - ADDR (.data))
                0x00000140                __cy_region_zero_size_ram = (_end - _edata)

.heap           0x1fff8268       0x80 load address 0x00000e40
                0x1fff8268                . = _end
                0x1fff82e8                . = (. + 0x80)
 *fill*         0x1fff8268       0x80 
                0x1fff82e8                __cy_heap_limit = .

.stack          0x20007800      0x800
                0x20007800                __cy_stack_limit = .
                0x20008000                . = (. + 0x800)
 *fill*         0x20007800      0x800 
                0x00000001                ASSERT ((__cy_stack_limit >= __cy_heap_limit), region RAM overflowed with stack)
                0x00000000                cy_checksum_exclude_size = (CY_APPL_LOADABLE == 0x1)?SIZEOF (.cy_checksum_exclude):0x0
                0x00000001                ASSERT ((cy_checksum_exclude_size <= CY_CHECKSUM_EXCLUDE_SIZE), CY_BOOT: Section .cy_checksum_exclude size exceedes specified limit.)

.cyloadermeta
 *(.cyloadermeta)

.cyloadablemeta
 *(.cyloadablemeta)

.cyconfigecc    0x80000000      0x54c
 *(.cyconfigecc)
 .cyconfigecc   0x80000000      0x54c .\CortexM3\ARM_GCC_493\Debug\cymetadata.o
                0x80000000                cy_meta_configecc

.cycustnvl      0x90000000        0x4
 *(.cycustnvl)
 .cycustnvl     0x90000000        0x4 .\CortexM3\ARM_GCC_493\Debug\cymetadata.o
                0x90000000                cy_meta_custnvl

.cywolatch      0x90100000        0x4
 *(.cywolatch)
 .cywolatch     0x90100000        0x4 .\CortexM3\ARM_GCC_493\Debug\cymetadata.o
                0x90100000                cy_meta_wonvl

.cyeeprom       0x90200000        0x0
 *(.cyeeprom)
                0x00000001                ASSERT ((. <= ((0x90200000 + ee_offset) + ee_size)), .cyeeprom data will not fit in EEPROM)

.cyflashprotect
                0x90400000      0x100
 *(.cyflashprotect)
 .cyflashprotect
                0x90400000      0x100 .\CortexM3\ARM_GCC_493\Debug\cymetadata.o
                0x90400000                cy_meta_flashprotect

.cymeta         0x90500000        0xc
 *(.cymeta)
 .cymeta        0x90500000        0xc .\CortexM3\ARM_GCC_493\Debug\cymetadata.o
                0x90500000                cy_metadata

.rel.dyn        0x00000e40        0x0 load address 0x9050000c
 .rel.iplt      0x00000000        0x0 c:/program files (x86)/cypress/psoc creator/3.3/psoc creator/import/gnu/arm/4.9.3/bin/../lib/gcc/arm-none-eabi/4.9.3/armv7-m/crtbegin.o

.stab
 *(.stab)

.stabstr
 *(.stabstr)

.debug
 *(.debug)

.line
 *(.line)

.debug_srcinfo
 *(.debug_srcinfo)

.debug_sfnames
 *(.debug_sfnames)

.debug_aranges  0x00000000      0x7b8
 *(.debug_aranges)
 .debug_aranges
                0x00000000       0x28 .\CortexM3\ARM_GCC_493\Debug\main.o
 .debug_aranges
                0x00000028       0x18 .\CortexM3\ARM_GCC_493\Debug\cymetadata.o
 .debug_aranges
                0x00000040       0x48 .\CortexM3\ARM_GCC_493\Debug\Cm3Start.o
 .debug_aranges
                0x00000088       0x58 .\CortexM3\ARM_GCC_493\Debug\I2C_LCD_Example01.a(cyfitter_cfg.o)
 .debug_aranges
                0x000000e0       0xb8 .\CortexM3\ARM_GCC_493\Debug\I2C_LCD_Example01.a(I2C_LCD.o)
 .debug_aranges
                0x00000198       0x38 .\CortexM3\ARM_GCC_493\Debug\I2C_LCD_Example01.a(LCD_RST.o)
 .debug_aranges
                0x000001d0       0x38 .\CortexM3\ARM_GCC_493\Debug\I2C_LCD_Example01.a(I2C_M.o)
 .debug_aranges
                0x00000208       0x20 .\CortexM3\ARM_GCC_493\Debug\I2C_LCD_Example01.a(I2C_M_INT.o)
 .debug_aranges
                0x00000228       0x80 .\CortexM3\ARM_GCC_493\Debug\I2C_LCD_Example01.a(I2C_M_MASTER.o)
 .debug_aranges
                0x000002a8       0x80 .\CortexM3\ARM_GCC_493\Debug\I2C_LCD_Example01.a(Button_Isr.o)
 .debug_aranges
                0x00000328       0x48 .\CortexM3\ARM_GCC_493\Debug\I2C_LCD_Example01.a(Button.o)
 .debug_aranges
                0x00000370       0x20 .\CortexM3\ARM_GCC_493\Debug\I2C_LCD_Example01.a(CyBootAsmGnu.o)
 .debug_aranges
                0x00000390      0x298 .\CortexM3\ARM_GCC_493\Debug\I2C_LCD_Example01.a(CyLib.o)
 .debug_aranges
                0x00000628       0x98 .\CortexM3\ARM_GCC_493\Debug\I2C_LCD_Example01.a(cyPm.o)
 .debug_aranges
                0x000006c0       0x80 .\CortexM3\ARM_GCC_493\Debug\I2C_LCD_Example01.a(CyFlash.o)
 .debug_aranges
                0x00000740       0x78 .\CortexM3\ARM_GCC_493\Debug\I2C_LCD_Example01.a(CySpc.o)

.debug_pubnames
 *(.debug_pubnames)

.debug_info     0x00000000     0x4d2b
 *(.debug_info .gnu.linkonce.wi.*)
 .debug_info    0x00000000      0x335 .\CortexM3\ARM_GCC_493\Debug\main.o
 .debug_info    0x00000335      0x13c .\CortexM3\ARM_GCC_493\Debug\cymetadata.o
 .debug_info    0x00000471      0x39f .\CortexM3\ARM_GCC_493\Debug\Cm3Start.o
 .debug_info    0x00000810      0x5c4 .\CortexM3\ARM_GCC_493\Debug\I2C_LCD_Example01.a(cyfitter_cfg.o)
 .debug_info    0x00000dd4      0x919 .\CortexM3\ARM_GCC_493\Debug\I2C_LCD_Example01.a(I2C_LCD.o)
 .debug_info    0x000016ed      0x11f .\CortexM3\ARM_GCC_493\Debug\I2C_LCD_Example01.a(LCD_RST.o)
 .debug_info    0x0000180c      0x20a .\CortexM3\ARM_GCC_493\Debug\I2C_LCD_Example01.a(I2C_M.o)
 .debug_info    0x00001a16      0x17f .\CortexM3\ARM_GCC_493\Debug\I2C_LCD_Example01.a(I2C_M_INT.o)
 .debug_info    0x00001b95      0x400 .\CortexM3\ARM_GCC_493\Debug\I2C_LCD_Example01.a(I2C_M_MASTER.o)
 .debug_info    0x00001f95      0x2cb .\CortexM3\ARM_GCC_493\Debug\I2C_LCD_Example01.a(Button_Isr.o)
 .debug_info    0x00002260      0x176 .\CortexM3\ARM_GCC_493\Debug\I2C_LCD_Example01.a(Button.o)
 .debug_info    0x000023d6       0x9d .\CortexM3\ARM_GCC_493\Debug\I2C_LCD_Example01.a(CyBootAsmGnu.o)
 .debug_info    0x00002473     0x136f .\CortexM3\ARM_GCC_493\Debug\I2C_LCD_Example01.a(CyLib.o)
 .debug_info    0x000037e2      0xa57 .\CortexM3\ARM_GCC_493\Debug\I2C_LCD_Example01.a(cyPm.o)
 .debug_info    0x00004239      0x608 .\CortexM3\ARM_GCC_493\Debug\I2C_LCD_Example01.a(CyFlash.o)
 .debug_info    0x00004841      0x4ea .\CortexM3\ARM_GCC_493\Debug\I2C_LCD_Example01.a(CySpc.o)

.debug_abbrev   0x00000000     0x1561
 *(.debug_abbrev)
 .debug_abbrev  0x00000000      0x159 .\CortexM3\ARM_GCC_493\Debug\main.o
 .debug_abbrev  0x00000159       0x77 .\CortexM3\ARM_GCC_493\Debug\cymetadata.o
 .debug_abbrev  0x000001d0      0x200 .\CortexM3\ARM_GCC_493\Debug\Cm3Start.o
 .debug_abbrev  0x000003d0      0x212 .\CortexM3\ARM_GCC_493\Debug\I2C_LCD_Example01.a(cyfitter_cfg.o)
 .debug_abbrev  0x000005e2      0x18e .\CortexM3\ARM_GCC_493\Debug\I2C_LCD_Example01.a(I2C_LCD.o)
 .debug_abbrev  0x00000770       0x90 .\CortexM3\ARM_GCC_493\Debug\I2C_LCD_Example01.a(LCD_RST.o)
 .debug_abbrev  0x00000800      0x120 .\CortexM3\ARM_GCC_493\Debug\I2C_LCD_Example01.a(I2C_M.o)
 .debug_abbrev  0x00000920       0xbd .\CortexM3\ARM_GCC_493\Debug\I2C_LCD_Example01.a(I2C_M_INT.o)
 .debug_abbrev  0x000009dd      0x13c .\CortexM3\ARM_GCC_493\Debug\I2C_LCD_Example01.a(I2C_M_MASTER.o)
 .debug_abbrev  0x00000b19      0x173 .\CortexM3\ARM_GCC_493\Debug\I2C_LCD_Example01.a(Button_Isr.o)
 .debug_abbrev  0x00000c8c       0x90 .\CortexM3\ARM_GCC_493\Debug\I2C_LCD_Example01.a(Button.o)
 .debug_abbrev  0x00000d1c       0x14 .\CortexM3\ARM_GCC_493\Debug\I2C_LCD_Example01.a(CyBootAsmGnu.o)
 .debug_abbrev  0x00000d30      0x296 .\CortexM3\ARM_GCC_493\Debug\I2C_LCD_Example01.a(CyLib.o)
 .debug_abbrev  0x00000fc6      0x1ed .\CortexM3\ARM_GCC_493\Debug\I2C_LCD_Example01.a(cyPm.o)
 .debug_abbrev  0x000011b3      0x1ed .\CortexM3\ARM_GCC_493\Debug\I2C_LCD_Example01.a(CyFlash.o)
 .debug_abbrev  0x000013a0      0x1c1 .\CortexM3\ARM_GCC_493\Debug\I2C_LCD_Example01.a(CySpc.o)

.debug_line     0x00000000     0x1f96
 *(.debug_line)
 .debug_line    0x00000000      0x1e8 .\CortexM3\ARM_GCC_493\Debug\main.o
 .debug_line    0x000001e8       0x53 .\CortexM3\ARM_GCC_493\Debug\cymetadata.o
 .debug_line    0x0000023b      0x249 .\CortexM3\ARM_GCC_493\Debug\Cm3Start.o
 .debug_line    0x00000484      0x1fb .\CortexM3\ARM_GCC_493\Debug\I2C_LCD_Example01.a(cyfitter_cfg.o)
 .debug_line    0x0000067f      0x262 .\CortexM3\ARM_GCC_493\Debug\I2C_LCD_Example01.a(I2C_LCD.o)
 .debug_line    0x000008e1       0x96 .\CortexM3\ARM_GCC_493\Debug\I2C_LCD_Example01.a(LCD_RST.o)
 .debug_line    0x00000977       0xcf .\CortexM3\ARM_GCC_493\Debug\I2C_LCD_Example01.a(I2C_M.o)
 .debug_line    0x00000a46      0x11c .\CortexM3\ARM_GCC_493\Debug\I2C_LCD_Example01.a(I2C_M_INT.o)
 .debug_line    0x00000b62      0x22d .\CortexM3\ARM_GCC_493\Debug\I2C_LCD_Example01.a(I2C_M_MASTER.o)
 .debug_line    0x00000d8f      0x150 .\CortexM3\ARM_GCC_493\Debug\I2C_LCD_Example01.a(Button_Isr.o)
 .debug_line    0x00000edf       0xb9 .\CortexM3\ARM_GCC_493\Debug\I2C_LCD_Example01.a(Button.o)
 .debug_line    0x00000f98       0x68 .\CortexM3\ARM_GCC_493\Debug\I2C_LCD_Example01.a(CyBootAsmGnu.o)
 .debug_line    0x00001000      0x806 .\CortexM3\ARM_GCC_493\Debug\I2C_LCD_Example01.a(CyLib.o)
 .debug_line    0x00001806      0x366 .\CortexM3\ARM_GCC_493\Debug\I2C_LCD_Example01.a(cyPm.o)
 .debug_line    0x00001b6c      0x1ec .\CortexM3\ARM_GCC_493\Debug\I2C_LCD_Example01.a(CyFlash.o)
 .debug_line    0x00001d58      0x23e .\CortexM3\ARM_GCC_493\Debug\I2C_LCD_Example01.a(CySpc.o)

.debug_frame    0x00000000     0x1464
 *(.debug_frame)
 .debug_frame   0x00000000       0x48 .\CortexM3\ARM_GCC_493\Debug\main.o
 .debug_frame   0x00000048       0xac .\CortexM3\ARM_GCC_493\Debug\Cm3Start.o
 .debug_frame   0x000000f4       0xe4 .\CortexM3\ARM_GCC_493\Debug\I2C_LCD_Example01.a(cyfitter_cfg.o)
 .debug_frame   0x000001d8      0x244 .\CortexM3\ARM_GCC_493\Debug\I2C_LCD_Example01.a(I2C_LCD.o)
 .debug_frame   0x0000041c       0x50 .\CortexM3\ARM_GCC_493\Debug\I2C_LCD_Example01.a(LCD_RST.o)
 .debug_frame   0x0000046c       0x6c .\CortexM3\ARM_GCC_493\Debug\I2C_LCD_Example01.a(I2C_M.o)
 .debug_frame   0x000004d8       0x30 .\CortexM3\ARM_GCC_493\Debug\I2C_LCD_Example01.a(I2C_M_INT.o)
 .debug_frame   0x00000508      0x138 .\CortexM3\ARM_GCC_493\Debug\I2C_LCD_Example01.a(I2C_M_MASTER.o)
 .debug_frame   0x00000640      0x104 .\CortexM3\ARM_GCC_493\Debug\I2C_LCD_Example01.a(Button_Isr.o)
 .debug_frame   0x00000744       0x70 .\CortexM3\ARM_GCC_493\Debug\I2C_LCD_Example01.a(Button.o)
 .debug_frame   0x000007b4      0x728 .\CortexM3\ARM_GCC_493\Debug\I2C_LCD_Example01.a(CyLib.o)
 .debug_frame   0x00000edc      0x1f8 .\CortexM3\ARM_GCC_493\Debug\I2C_LCD_Example01.a(cyPm.o)
 .debug_frame   0x000010d4      0x174 .\CortexM3\ARM_GCC_493\Debug\I2C_LCD_Example01.a(CyFlash.o)
 .debug_frame   0x00001248      0x160 .\CortexM3\ARM_GCC_493\Debug\I2C_LCD_Example01.a(CySpc.o)
 .debug_frame   0x000013a8       0x20 c:/program files (x86)/cypress/psoc creator/3.3/psoc creator/import/gnu/arm/4.9.3/bin/../lib/gcc/arm-none-eabi/4.9.3/../../../../arm-none-eabi/lib/armv7-m\libg_nano.a(lib_a-errno.o)
 .debug_frame   0x000013c8       0x28 c:/program files (x86)/cypress/psoc creator/3.3/psoc creator/import/gnu/arm/4.9.3/bin/../lib/gcc/arm-none-eabi/4.9.3/../../../../arm-none-eabi/lib/armv7-m\libg_nano.a(lib_a-exit.o)
 .debug_frame   0x000013f0       0x2c c:/program files (x86)/cypress/psoc creator/3.3/psoc creator/import/gnu/arm/4.9.3/bin/../lib/gcc/arm-none-eabi/4.9.3/../../../../arm-none-eabi/lib/armv7-m\libg_nano.a(lib_a-init.o)
 .debug_frame   0x0000141c       0x28 c:/program files (x86)/cypress/psoc creator/3.3/psoc creator/import/gnu/arm/4.9.3/bin/../lib/gcc/arm-none-eabi/4.9.3/../../../../arm-none-eabi/lib/armv7-m\libg_nano.a(lib_a-memcpy.o)
 .debug_frame   0x00001444       0x20 c:/program files (x86)/cypress/psoc creator/3.3/psoc creator/import/gnu/arm/4.9.3/bin/../lib/gcc/arm-none-eabi/4.9.3/../../../../arm-none-eabi/lib/armv7-m\libg_nano.a(lib_a-memset.o)

.debug_str      0x00000000     0x1a6f
 *(.debug_str)
 .debug_str     0x00000000      0x256 .\CortexM3\ARM_GCC_493\Debug\main.o
                                0x297 (size before relaxing)
 .debug_str     0x00000256       0x77 .\CortexM3\ARM_GCC_493\Debug\cymetadata.o
                                0x1f7 (size before relaxing)
 .debug_str     0x000002cd      0x158 .\CortexM3\ARM_GCC_493\Debug\Cm3Start.o
                                0x30b (size before relaxing)
 .debug_str     0x00000425      0x192 .\CortexM3\ARM_GCC_493\Debug\I2C_LCD_Example01.a(cyfitter_cfg.o)
                                0x345 (size before relaxing)
 .debug_str     0x000005b7      0x263 .\CortexM3\ARM_GCC_493\Debug\I2C_LCD_Example01.a(I2C_LCD.o)
                                0x475 (size before relaxing)
 .debug_str     0x0000081a       0x69 .\CortexM3\ARM_GCC_493\Debug\I2C_LCD_Example01.a(LCD_RST.o)
                                0x1f9 (size before relaxing)
 .debug_str     0x00000883       0xef .\CortexM3\ARM_GCC_493\Debug\I2C_LCD_Example01.a(I2C_M.o)
                                0x29a (size before relaxing)
 .debug_str     0x00000972       0x96 .\CortexM3\ARM_GCC_493\Debug\I2C_LCD_Example01.a(I2C_M_INT.o)
                                0x276 (size before relaxing)
 .debug_str     0x00000a08      0x166 .\CortexM3\ARM_GCC_493\Debug\I2C_LCD_Example01.a(I2C_M_MASTER.o)
                                0x3d3 (size before relaxing)
 .debug_str     0x00000b6e      0x133 .\CortexM3\ARM_GCC_493\Debug\I2C_LCD_Example01.a(Button_Isr.o)
                                0x2ed (size before relaxing)
 .debug_str     0x00000ca1       0x83 .\CortexM3\ARM_GCC_493\Debug\I2C_LCD_Example01.a(Button.o)
                                0x232 (size before relaxing)
 .debug_str     0x00000d24      0x7a4 .\CortexM3\ARM_GCC_493\Debug\I2C_LCD_Example01.a(CyLib.o)
                                0xa30 (size before relaxing)
 .debug_str     0x000014c8      0x35b .\CortexM3\ARM_GCC_493\Debug\I2C_LCD_Example01.a(cyPm.o)
                                0x728 (size before relaxing)
 .debug_str     0x00001823      0x19e .\CortexM3\ARM_GCC_493\Debug\I2C_LCD_Example01.a(CyFlash.o)
                                0x3a2 (size before relaxing)
 .debug_str     0x000019c1       0xae .\CortexM3\ARM_GCC_493\Debug\I2C_LCD_Example01.a(CySpc.o)
                                0x32b (size before relaxing)

.debug_loc      0x00000000     0x2399
 *(.debug_loc)
 .debug_loc     0x00000000       0x2a .\CortexM3\ARM_GCC_493\Debug\main.o
 .debug_loc     0x0000002a      0x144 .\CortexM3\ARM_GCC_493\Debug\Cm3Start.o
 .debug_loc     0x0000016e      0x25a .\CortexM3\ARM_GCC_493\Debug\I2C_LCD_Example01.a(cyfitter_cfg.o)
 .debug_loc     0x000003c8      0x3f5 .\CortexM3\ARM_GCC_493\Debug\I2C_LCD_Example01.a(I2C_LCD.o)
 .debug_loc     0x000007bd       0x42 .\CortexM3\ARM_GCC_493\Debug\I2C_LCD_Example01.a(LCD_RST.o)
 .debug_loc     0x000007ff       0x13 .\CortexM3\ARM_GCC_493\Debug\I2C_LCD_Example01.a(I2C_M.o)
 .debug_loc     0x00000812       0x29 .\CortexM3\ARM_GCC_493\Debug\I2C_LCD_Example01.a(I2C_M_INT.o)
 .debug_loc     0x0000083b      0x52f .\CortexM3\ARM_GCC_493\Debug\I2C_LCD_Example01.a(I2C_M_MASTER.o)
 .debug_loc     0x00000d6a       0x56 .\CortexM3\ARM_GCC_493\Debug\I2C_LCD_Example01.a(Button_Isr.o)
 .debug_loc     0x00000dc0       0x97 .\CortexM3\ARM_GCC_493\Debug\I2C_LCD_Example01.a(Button.o)
 .debug_loc     0x00000e57      0xa11 .\CortexM3\ARM_GCC_493\Debug\I2C_LCD_Example01.a(CyLib.o)
 .debug_loc     0x00001868      0x1e4 .\CortexM3\ARM_GCC_493\Debug\I2C_LCD_Example01.a(cyPm.o)
 .debug_loc     0x00001a4c      0x300 .\CortexM3\ARM_GCC_493\Debug\I2C_LCD_Example01.a(CyFlash.o)
 .debug_loc     0x00001d4c      0x64d .\CortexM3\ARM_GCC_493\Debug\I2C_LCD_Example01.a(CySpc.o)

.debug_macinfo
 *(.debug_macinfo)

.debug_ranges   0x00000000      0x6a0
 *(.debug_ranges)
 .debug_ranges  0x00000000       0x18 .\CortexM3\ARM_GCC_493\Debug\main.o
 .debug_ranges  0x00000018       0x38 .\CortexM3\ARM_GCC_493\Debug\Cm3Start.o
 .debug_ranges  0x00000050       0x48 .\CortexM3\ARM_GCC_493\Debug\I2C_LCD_Example01.a(cyfitter_cfg.o)
 .debug_ranges  0x00000098       0xa8 .\CortexM3\ARM_GCC_493\Debug\I2C_LCD_Example01.a(I2C_LCD.o)
 .debug_ranges  0x00000140       0x28 .\CortexM3\ARM_GCC_493\Debug\I2C_LCD_Example01.a(LCD_RST.o)
 .debug_ranges  0x00000168       0x28 .\CortexM3\ARM_GCC_493\Debug\I2C_LCD_Example01.a(I2C_M.o)
 .debug_ranges  0x00000190       0x10 .\CortexM3\ARM_GCC_493\Debug\I2C_LCD_Example01.a(I2C_M_INT.o)
 .debug_ranges  0x000001a0       0x70 .\CortexM3\ARM_GCC_493\Debug\I2C_LCD_Example01.a(I2C_M_MASTER.o)
 .debug_ranges  0x00000210       0x70 .\CortexM3\ARM_GCC_493\Debug\I2C_LCD_Example01.a(Button_Isr.o)
 .debug_ranges  0x00000280       0x38 .\CortexM3\ARM_GCC_493\Debug\I2C_LCD_Example01.a(Button.o)
 .debug_ranges  0x000002b8      0x288 .\CortexM3\ARM_GCC_493\Debug\I2C_LCD_Example01.a(CyLib.o)
 .debug_ranges  0x00000540       0x88 .\CortexM3\ARM_GCC_493\Debug\I2C_LCD_Example01.a(cyPm.o)
 .debug_ranges  0x000005c8       0x70 .\CortexM3\ARM_GCC_493\Debug\I2C_LCD_Example01.a(CyFlash.o)
 .debug_ranges  0x00000638       0x68 .\CortexM3\ARM_GCC_493\Debug\I2C_LCD_Example01.a(CySpc.o)

.comment        0x00000000       0x70
 .comment       0x00000000       0x70 .\CortexM3\ARM_GCC_493\Debug\main.o
                                 0x71 (size before relaxing)
 .comment       0x00000000       0x71 .\CortexM3\ARM_GCC_493\Debug\cymetadata.o
 .comment       0x00000000       0x71 .\CortexM3\ARM_GCC_493\Debug\Cm3Start.o
 .comment       0x00000000       0x71 .\CortexM3\ARM_GCC_493\Debug\I2C_LCD_Example01.a(cyfitter_cfg.o)
 .comment       0x00000000       0x71 .\CortexM3\ARM_GCC_493\Debug\I2C_LCD_Example01.a(I2C_LCD.o)
 .comment       0x00000000       0x71 .\CortexM3\ARM_GCC_493\Debug\I2C_LCD_Example01.a(LCD_RST.o)
 .comment       0x00000000       0x71 .\CortexM3\ARM_GCC_493\Debug\I2C_LCD_Example01.a(I2C_M.o)
 .comment       0x00000000       0x71 .\CortexM3\ARM_GCC_493\Debug\I2C_LCD_Example01.a(I2C_M_INT.o)
 .comment       0x00000000       0x71 .\CortexM3\ARM_GCC_493\Debug\I2C_LCD_Example01.a(I2C_M_MASTER.o)
 .comment       0x00000000       0x71 .\CortexM3\ARM_GCC_493\Debug\I2C_LCD_Example01.a(Button_Isr.o)
 .comment       0x00000000       0x71 .\CortexM3\ARM_GCC_493\Debug\I2C_LCD_Example01.a(Button.o)
 .comment       0x00000000       0x71 .\CortexM3\ARM_GCC_493\Debug\I2C_LCD_Example01.a(CyLib.o)
 .comment       0x00000000       0x71 .\CortexM3\ARM_GCC_493\Debug\I2C_LCD_Example01.a(cyPm.o)
 .comment       0x00000000       0x71 .\CortexM3\ARM_GCC_493\Debug\I2C_LCD_Example01.a(CyFlash.o)
 .comment       0x00000000       0x71 .\CortexM3\ARM_GCC_493\Debug\I2C_LCD_Example01.a(CySpc.o)

.debug_weaknames
 *(.debug_weaknames)

.debug_funcnames
 *(.debug_funcnames)

.debug_typenames
 *(.debug_typenames)

.debug_varnames
 *(.debug_varnames)

.note.gnu.arm.ident
 *(.note.gnu.arm.ident)

.ARM.attributes
                0x00000000       0x29
 *(.ARM.attributes)
 .ARM.attributes
                0x00000000       0x1d c:/program files (x86)/cypress/psoc creator/3.3/psoc creator/import/gnu/arm/4.9.3/bin/../lib/gcc/arm-none-eabi/4.9.3/armv7-m/crti.o
 .ARM.attributes
                0x0000001d       0x2d c:/program files (x86)/cypress/psoc creator/3.3/psoc creator/import/gnu/arm/4.9.3/bin/../lib/gcc/arm-none-eabi/4.9.3/armv7-m/crtbegin.o
 .ARM.attributes
                0x0000004a       0x1b c:/program files (x86)/cypress/psoc creator/3.3/psoc creator/import/gnu/arm/4.9.3/bin/../lib/gcc/arm-none-eabi/4.9.3/../../../../arm-none-eabi/lib/armv7-m/crt0.o
 .ARM.attributes
                0x00000065       0x33 .\CortexM3\ARM_GCC_493\Debug\main.o
 .ARM.attributes
                0x00000098       0x33 .\CortexM3\ARM_GCC_493\Debug\cymetadata.o
 .ARM.attributes
                0x000000cb       0x33 .\CortexM3\ARM_GCC_493\Debug\Cm3Start.o
 .ARM.attributes
                0x000000fe       0x33 .\CortexM3\ARM_GCC_493\Debug\I2C_LCD_Example01.a(cyfitter_cfg.o)
 .ARM.attributes
                0x00000131       0x33 .\CortexM3\ARM_GCC_493\Debug\I2C_LCD_Example01.a(I2C_LCD.o)
 .ARM.attributes
                0x00000164       0x33 .\CortexM3\ARM_GCC_493\Debug\I2C_LCD_Example01.a(LCD_RST.o)
 .ARM.attributes
                0x00000197       0x33 .\CortexM3\ARM_GCC_493\Debug\I2C_LCD_Example01.a(I2C_M.o)
 .ARM.attributes
                0x000001ca       0x33 .\CortexM3\ARM_GCC_493\Debug\I2C_LCD_Example01.a(I2C_M_INT.o)
 .ARM.attributes
                0x000001fd       0x33 .\CortexM3\ARM_GCC_493\Debug\I2C_LCD_Example01.a(I2C_M_MASTER.o)
 .ARM.attributes
                0x00000230       0x33 .\CortexM3\ARM_GCC_493\Debug\I2C_LCD_Example01.a(Button_Isr.o)
 .ARM.attributes
                0x00000263       0x33 .\CortexM3\ARM_GCC_493\Debug\I2C_LCD_Example01.a(Button.o)
 .ARM.attributes
                0x00000296       0x21 .\CortexM3\ARM_GCC_493\Debug\I2C_LCD_Example01.a(CyBootAsmGnu.o)
 .ARM.attributes
                0x000002b7       0x33 .\CortexM3\ARM_GCC_493\Debug\I2C_LCD_Example01.a(CyLib.o)
 .ARM.attributes
                0x000002ea       0x33 .\CortexM3\ARM_GCC_493\Debug\I2C_LCD_Example01.a(cyPm.o)
 .ARM.attributes
                0x0000031d       0x33 .\CortexM3\ARM_GCC_493\Debug\I2C_LCD_Example01.a(CyFlash.o)
 .ARM.attributes
                0x00000350       0x33 .\CortexM3\ARM_GCC_493\Debug\I2C_LCD_Example01.a(CySpc.o)
 .ARM.attributes
                0x00000383       0x2d c:/program files (x86)/cypress/psoc creator/3.3/psoc creator/import/gnu/arm/4.9.3/bin/../lib/gcc/arm-none-eabi/4.9.3/../../../../arm-none-eabi/lib/armv7-m\libg_nano.a(lib_a-errno.o)
 .ARM.attributes
                0x000003b0       0x2d c:/program files (x86)/cypress/psoc creator/3.3/psoc creator/import/gnu/arm/4.9.3/bin/../lib/gcc/arm-none-eabi/4.9.3/../../../../arm-none-eabi/lib/armv7-m\libg_nano.a(lib_a-exit.o)
 .ARM.attributes
                0x000003dd       0x2d c:/program files (x86)/cypress/psoc creator/3.3/psoc creator/import/gnu/arm/4.9.3/bin/../lib/gcc/arm-none-eabi/4.9.3/../../../../arm-none-eabi/lib/armv7-m\libg_nano.a(lib_a-impure.o)
 .ARM.attributes
                0x0000040a       0x2d c:/program files (x86)/cypress/psoc creator/3.3/psoc creator/import/gnu/arm/4.9.3/bin/../lib/gcc/arm-none-eabi/4.9.3/../../../../arm-none-eabi/lib/armv7-m\libg_nano.a(lib_a-init.o)
 .ARM.attributes
                0x00000437       0x2d c:/program files (x86)/cypress/psoc creator/3.3/psoc creator/import/gnu/arm/4.9.3/bin/../lib/gcc/arm-none-eabi/4.9.3/../../../../arm-none-eabi/lib/armv7-m\libg_nano.a(lib_a-memcpy.o)
 .ARM.attributes
                0x00000464       0x2d c:/program files (x86)/cypress/psoc creator/3.3/psoc creator/import/gnu/arm/4.9.3/bin/../lib/gcc/arm-none-eabi/4.9.3/../../../../arm-none-eabi/lib/armv7-m\libg_nano.a(lib_a-memset.o)
 .ARM.attributes
                0x00000491       0x2d c:/program files (x86)/cypress/psoc creator/3.3/psoc creator/import/gnu/arm/4.9.3/bin/../lib/gcc/arm-none-eabi/4.9.3/armv7-m/crtend.o
 .ARM.attributes
                0x000004be       0x1d c:/program files (x86)/cypress/psoc creator/3.3/psoc creator/import/gnu/arm/4.9.3/bin/../lib/gcc/arm-none-eabi/4.9.3/armv7-m/crtn.o

/DISCARD/
 *(.note.GNU-stack)
OUTPUT(.\CortexM3\ARM_GCC_493\Debug\I2C_LCD_Example01.elf elf32-littlearm)
